Microchip MPLAB XC8 Compiler V1.40 ()

Linker command line:

-W-3 --edf=C:\Program Files (x86)\Microchip\xc8\v1.40\dat\en_msgs.txt -cs \
  -h+dist/default/debug\Robot.X.debug.sym \
  --cmf=dist/default/debug\Robot.X.debug.cmf -z -Q18F4620 \
  -oC:\Users\CINDYL~1\AppData\Local\Temp\s9q8.2 \
  -Mdist/default/debug/Robot.X.debug.map -E1 -ver=XC8 -ASTACK=080h-0eeeh \
  -pstack=STACK -ACODE=00h-0FCFFh -ACONST=00h-0FCFFh \
  -ASMALLCONST=01000h-010FFhx237 -AMEDIUMCONST=01000h-0FCFFh \
  -ACOMRAM=01h-07Fh -AABS1=00h-0EEEh,0F00h-0F7Fh \
  -ABIGRAM=01h-0EEEh,0F00h-0F7Fh \
  -ARAM=080h-0FFh,0100h-01FFhx13,0E00h-0EEEh,0F00h-0F7Fh -ABANK0=080h-0FFh \
  -ABANK1=0100h-01FFh -ABANK2=0200h-02FFh -ABANK3=0300h-03FFh \
  -ABANK4=0400h-04FFh -ABANK5=0500h-05FFh -ABANK6=0600h-06FFh \
  -ABANK7=0700h-07FFh -ABANK8=0800h-08FFh -ABANK9=0900h-09FFh \
  -ABANK10=0A00h-0AFFh -ABANK11=0B00h-0BFFh -ABANK12=0C00h-0CFFh \
  -ABANK13=0D00h-0DFFh -ABANK14=0E00h-0EEEh -ABANK15=0F00h-0F7Fh \
  -ASFR=0F80h-0F9Bh,0F9Dh-0FD3h,0FD5h-0FDAh,0FE0h-0FE2h,0FE8h-0FEAh,0FF0h-0FFBh \
  -preset_vec=00h,intcode=08h,intcodelo,powerup,init -pramtop=01000h \
  -psmallconst=SMALLCONST -pmediumconst=MEDIUMCONST -pconst=CONST \
  -AFARRAM=00h-00h -ACONFIG=0300000h-030000Dh -pconfig=CONFIG \
  -AIDLOC=0200000h-0200007h -pidloc=IDLOC -AEEDATA=0F00000h-0F003FFh \
  -peeprom_data=EEDATA \
  -prdata=COMRAM,nvrram=COMRAM,nvbit=COMRAM,rbss=COMRAM,rbit=COMRAM \
  -pfarbss=FARRAM,fardata=FARRAM,nvFARRAM=FARRAM \
  -pintsave_regs=BIGRAM,bigbss=BIGRAM,bigdata=BIGRAM -pbss=RAM \
  -pidata=CODE,irdata=CODE,ibigdata=CODE,ifardata=CODE -prparam=COMRAM \
  C:\Users\CINDYL~1\AppData\Local\Temp\s9q8.obj \
  dist/default/debug\Robot.X.debug.obj 

Object code version is 3.11

Machine type is 18F4620

Call graph: (short form)




                Name                               Link     Load   Length Selector   Space Scale
C:\Users\CINDYL~1\AppData\Local\Temp\s9q8.obj
                init                                  E        E        4        4       0
                reset_vec                             0        0        6        0       0
                idloc                            200000   200000        8   200000       0
                config                           300000   300000        E   300000       0
dist/default/debug\Robot.X.debug.obj
                intcode                               8        8        6        4       0
                temp                                 69       69        1        1       1
                smallconst                         1000     1000       74      800       0
                intcode_body                       1B60     1B60       9E      83A       0
                text22                             1CEE     1CEE       56      83A       0
                text21                             1F8A     1F8A        C      83A       0
                text20                             1F16     1F16       2A      83A       0
                text19                             1F7E     1F7E        C      83A       0
                text18                             1E2C     1E2C       46      83A       0
                text17                             1D44     1D44       52      83A       0
                text16                             1E72     1E72       42      83A       0
                text15                             1514     1514      142      83A       0
                text14                             13D2     13D2      142      83A       0
                text13                             1DE4     1DE4       48      83A       0
                text12                             1BFE     1BFE       90      83A       0
                text11                             1A12     1A12       AE      83A       0
                text10                             174A     174A       F4      83A       0
                text9                              1F40     1F40       24      83A       0
                text8                              1D96     1D96       4E      83A       0
                text7                              1EEC     1EEC       2A      83A       0
                text6                              1C8E     1C8E       60      83A       0
                text5                              1EB4     1EB4       38      83A       0
                text4                              192C     192C       E6      83A       0
                text3                              1656     1656       F4      83A       0
                text2                              183E     183E       EE      83A       0
                text1                              1074     1074      35E      83A       0
                text0                              1AC0     1AC0       A0      83A       0
                cstackCOMRAM                          1        1       5E        1       1
                bssCOMRAM                            5F       5F        A        1       1
                cinit                              1F64     1F64       1A      83A       0

TOTAL           Name                               Link     Load   Length     Space
        CLASS   STACK          

        CLASS   CODE           
                intcode                               8        8        6         0
                init                                  E        E        4         0
                reset_vec                             0        0        6         0
                intcode_body                       1B60     1B60       9E         0
                text22                             1CEE     1CEE       56         0
                text21                             1F8A     1F8A        C         0
                text20                             1F16     1F16       2A         0
                text19                             1F7E     1F7E        C         0
                text18                             1E2C     1E2C       46         0
                text17                             1D44     1D44       52         0
                text16                             1E72     1E72       42         0
                text15                             1514     1514      142         0
                text14                             13D2     13D2      142         0
                text13                             1DE4     1DE4       48         0
                text12                             1BFE     1BFE       90         0
                text11                             1A12     1A12       AE         0
                text10                             174A     174A       F4         0
                text9                              1F40     1F40       24         0
                text8                              1D96     1D96       4E         0
                text7                              1EEC     1EEC       2A         0
                text6                              1C8E     1C8E       60         0
                text5                              1EB4     1EB4       38         0
                text4                              192C     192C       E6         0
                text3                              1656     1656       F4         0
                text2                              183E     183E       EE         0
                text1                              1074     1074      35E         0
                text0                              1AC0     1AC0       A0         0
                cinit                              1F64     1F64       1A         0

        CLASS   CONST          

        CLASS   SMALLCONST     
                smallconst                         1000     1000       74         0

        CLASS   MEDIUMCONST    

        CLASS   COMRAM         
                temp                                 69       69        1         1
                cstackCOMRAM                          1        1       5E         1
                bssCOMRAM                            5F       5F        A         1

        CLASS   ABS1           

        CLASS   BIGRAM         

        CLASS   RAM            

        CLASS   BANK0          

        CLASS   BANK1          

        CLASS   BANK2          

        CLASS   BANK3          

        CLASS   BANK4          

        CLASS   BANK5          

        CLASS   BANK6          

        CLASS   BANK7          

        CLASS   BANK8          

        CLASS   BANK9          

        CLASS   BANK10         

        CLASS   BANK11         

        CLASS   BANK12         

        CLASS   BANK13         

        CLASS   BANK14         

        CLASS   BANK15         

        CLASS   SFR            

        CLASS   FARRAM         

        CLASS   CONFIG         
                config                           300000   300000        E         0

        CLASS   IDLOC          
                idloc                            200000   200000        8         0

        CLASS   EEDATA         



SEGMENTS        Name                           Load    Length   Top    Selector   Space  Class

                reset_vec                      000000  000006  000006         0       0  CODE    
                cstackCOMRAM                   000001  000069  00006A         1       1  COMRAM  
                intcode                        000008  00000A  000012         4       0  CODE    
                smallconst                     001000  000074  001074       800       0  SMALLCON
                text1                          001074  000F22  001F96       83A       0  CODE    
                idloc                          200000  000008  200008    200000       0  IDLOC   
                config                         300000  00000E  30000E    300000       0  CONFIG  


UNUSED ADDRESS RANGES

        Name                Unused          Largest block    Delta
        BANK0            000080-0000FF               80
        BANK1            000100-0001FF              100
        BANK10           000A00-000AFF              100
        BANK11           000B00-000BFF              100
        BANK12           000C00-000CFF              100
        BANK13           000D00-000DFF              100
        BANK14           000E00-000EEE               EF
        BANK15           000F00-000F7F               80
        BANK2            000200-0002FF              100
        BANK3            000300-0003FF              100
        BANK4            000400-0004FF              100
        BANK5            000500-0005FF              100
        BANK6            000600-0006FF              100
        BANK7            000700-0007FF              100
        BANK8            000800-0008FF              100
        BANK9            000900-0009FF              100
        BIGRAM           00006A-000EEE              E85
                         000F00-000F7F               80
        CODE             000006-000007                2
                         000012-000FFF              FEE
                         001F96-00FCFF             DD6A
        COMRAM           00006A-00007F               16
        CONST            000006-000007                2
                         000012-000FFF              FEE
                         001F96-00FCFF             DD6A
        EEDATA           F00000-F003FF              400
        MEDIUMCONST      001F96-00FCFF             DD6A
        RAM              000080-000EEE              100
                         000F00-000F7F               80
        SFR              000F80-000F9B               1C
                         000F9D-000FD3               37
                         000FD5-000FDA                6
                         000FE0-000FE2                3
                         000FE8-000FEA                3
                         000FF0-000FFB                C
        SMALLCONST       001F96-00FCFF              100
        STACK            000080-000EEE              E6F

                                  Symbol Table

?_ADC_Read                     cstackCOMRAM 000010
?___awtoft                     cstackCOMRAM 000018
?___ftdiv                      cstackCOMRAM 00001C
?___ftmul                      cstackCOMRAM 00001F
?___ftpack                     cstackCOMRAM 000010
?___fttol                      cstackCOMRAM 00002B
?___lwdiv                      cstackCOMRAM 000015
?___lwmod                      cstackCOMRAM 00001C
?___lwtoft                     cstackCOMRAM 00001C
?_printf                       cstackCOMRAM 000021
?_ultrasonicFindBottle         cstackCOMRAM 00003A
ADC_Read@channel               cstackCOMRAM 000014
_ADCON0                        (abs)        000FC2
_ADCON0bits                    (abs)        000FC2
_ADCON1                        (abs)        000FC1
_ADC_Read                      text13       001DE4
_ADRESH                        (abs)        000FC4
_ADRESL                        (abs)        000FC3
_INT1IE                        (abs)        007F83
_INT1IF                        (abs)        007F80
_INTCONbits                    (abs)        000FF2
_LATAbits                      (abs)        000F89
_LATCbits                      (abs)        000F8B
_LATD                          (abs)        000F8C
_LATDbits                      (abs)        000F8C
_PORTAbits                     (abs)        000F80
_PORTB                         (abs)        000F81
_PORTBbits                     (abs)        000F81
_T0CON                         (abs)        000FD5
_T1CON                         (abs)        000FCD
_TMR0H                         (abs)        000FD7
_TMR0L                         (abs)        000FD6
_TMR0ON                        (abs)        007EAF
_TMR1H                         (abs)        000FCF
_TMR1L                         (abs)        000FCE
_TMR1ON                        (abs)        007E68
_TRISA                         (abs)        000F92
_TRISB                         (abs)        000F93
_TRISC                         (abs)        000F94
_TRISD                         (abs)        000F95
_TRISE                         (abs)        000F96
__CFG_BOREN$SBORDIS            (abs)        000000
__CFG_BORV$3                   (abs)        000000
__CFG_CCP2MX$PORTC             (abs)        000000
__CFG_CP0$OFF                  (abs)        000000
__CFG_CP1$OFF                  (abs)        000000
__CFG_CP2$OFF                  (abs)        000000
__CFG_CP3$OFF                  (abs)        000000
__CFG_CPB$OFF                  (abs)        000000
__CFG_CPD$OFF                  (abs)        000000
__CFG_EBTR0$OFF                (abs)        000000
__CFG_EBTR1$OFF                (abs)        000000
__CFG_EBTR2$OFF                (abs)        000000
__CFG_EBTR3$OFF                (abs)        000000
__CFG_EBTRB$OFF                (abs)        000000
__CFG_FCMEN$OFF                (abs)        000000
__CFG_IESO$OFF                 (abs)        000000
__CFG_LPT1OSC$OFF              (abs)        000000
__CFG_LVP$OFF                  (abs)        000000
__CFG_MCLRE$ON                 (abs)        000000
__CFG_OSC$HS                   (abs)        000000
__CFG_PBADEN$ON                (abs)        000000
__CFG_PWRT$OFF                 (abs)        000000
__CFG_STVREN$ON                (abs)        000000
__CFG_WDT$OFF                  (abs)        000000
__CFG_WDTPS$32768              (abs)        000000
__CFG_WRT0$OFF                 (abs)        000000
__CFG_WRT1$OFF                 (abs)        000000
__CFG_WRT2$OFF                 (abs)        000000
__CFG_WRT3$OFF                 (abs)        000000
__CFG_WRTB$OFF                 (abs)        000000
__CFG_WRTC$OFF                 (abs)        000000
__CFG_WRTD$OFF                 (abs)        000000
__CFG_XINST$OFF                (abs)        000000
__HRAM                         (abs)        000000
__Habs1                        abs1         000000
__Hbank0                       bank0        000000
__Hbank1                       bank1        000000
__Hbank10                      bank10       000000
__Hbank11                      bank11       000000
__Hbank12                      bank12       000000
__Hbank13                      bank13       000000
__Hbank14                      bank14       000000
__Hbank15                      bank15       000000
__Hbank2                       bank2        000000
__Hbank3                       bank3        000000
__Hbank4                       bank4        000000
__Hbank5                       bank5        000000
__Hbank6                       bank6        000000
__Hbank7                       bank7        000000
__Hbank8                       bank8        000000
__Hbank9                       bank9        000000
__Hbigbss                      bigbss       000000
__Hbigdata                     bigdata      000000
__Hbigram                      bigram       000000
__Hbss                         bss          000000
__HbssCOMRAM                   bssCOMRAM    000000
__Hcinit                       cinit        000000
__Hclrtext                     clrtext      000000
__Hcomram                      comram       000000
__Hconfig                      config       30000E
__Hconst                       const        000000
__HcstackCOMRAM                cstackCOMRAM 000000
__Hdata                        data         000000
__Heeprom_data                 eeprom_data  000000
__Hfarbss                      farbss       000000
__Hfardata                     fardata      000000
__Hibigdata                    ibigdata     000000
__Hidata                       idata        000000
__Hidloc                       idloc        200008
__Hifardata                    ifardata     000000
__Hinit                        init         000012
__Hintcode                     intcode      00000E
__Hintcode_body                intcode_body 000000
__Hintcodelo                   intcodelo    00000E
__Hintentry                    intentry     000000
__Hintret                      intret       000000
__Hintsave_regs                intsave_regs 000000
__Hirdata                      irdata       000000
__Hmediumconst                 mediumconst  000000
__HnvFARRAM                    nvFARRAM     000000
__Hnvbit                       nvbit        000000
__Hnvrram                      nvrram       000000
__Hparam                       rparam       000000
__Hpowerup                     powerup      00000E
__Hram                         ram          000000
__Hramtop                      ramtop       001000
__Hrbit                        rbit         000000
__Hrbss                        rbss         000000
__Hrdata                       rdata        000000
__Hreset_vec                   reset_vec    000006
__Hrparam                      rparam       000000
__Hsfr                         sfr          000000
__Hsmallconst                  smallconst   001074
__Hspace_0                     (abs)        30000E
__Hspace_1                     (abs)        00006A
__Hspace_2                     (abs)        000000
__Hstack                       stack        000000
__Hstruct                      struct       000000
__Htemp                        temp         00006A
__Htext                        text         000000
__Htext0                       text0        000000
__Htext1                       text1        000000
__Htext10                      text10       000000
__Htext11                      text11       000000
__Htext12                      text12       000000
__Htext13                      text13       000000
__Htext14                      text14       000000
__Htext15                      text15       000000
__Htext16                      text16       000000
__Htext17                      text17       000000
__Htext18                      text18       000000
__Htext19                      text19       000000
__Htext2                       text2        000000
__Htext20                      text20       000000
__Htext21                      text21       000000
__Htext22                      text22       000000
__Htext3                       text3        000000
__Htext4                       text4        000000
__Htext5                       text5        000000
__Htext6                       text6        000000
__Htext7                       text7        000000
__Htext8                       text8        000000
__Htext9                       text9        000000
__LRAM                         (abs)        000001
__Labs1                        abs1         000000
__Lbank0                       bank0        000000
__Lbank1                       bank1        000000
__Lbank10                      bank10       000000
__Lbank11                      bank11       000000
__Lbank12                      bank12       000000
__Lbank13                      bank13       000000
__Lbank14                      bank14       000000
__Lbank15                      bank15       000000
__Lbank2                       bank2        000000
__Lbank3                       bank3        000000
__Lbank4                       bank4        000000
__Lbank5                       bank5        000000
__Lbank6                       bank6        000000
__Lbank7                       bank7        000000
__Lbank8                       bank8        000000
__Lbank9                       bank9        000000
__Lbigbss                      bigbss       000000
__Lbigdata                     bigdata      000000
__Lbigram                      bigram       000000
__Lbss                         bss          000000
__LbssCOMRAM                   bssCOMRAM    000000
__Lcinit                       cinit        000000
__Lclrtext                     clrtext      000000
__Lcomram                      comram       000000
__Lconfig                      config       300000
__Lconst                       const        000000
__LcstackCOMRAM                cstackCOMRAM 000000
__Ldata                        data         000000
__Leeprom_data                 eeprom_data  000000
__Lfarbss                      farbss       000000
__Lfardata                     fardata      000000
__Libigdata                    ibigdata     000000
__Lidata                       idata        000000
__Lidloc                       idloc        200000
__Lifardata                    ifardata     000000
__Linit                        init         00000E
__Lintcode                     intcode      000008
__Lintcode_body                intcode_body 000000
__Lintcodelo                   intcodelo    00000E
__Lintentry                    intentry     000000
__Lintret                      intret       000000
__Lintsave_regs                intsave_regs 000000
__Lirdata                      irdata       000000
__Lmediumconst                 mediumconst  000000
__LnvFARRAM                    nvFARRAM     000000
__Lnvbit                       nvbit        000000
__Lnvrram                      nvrram       000000
__Lparam                       rparam       000000
__Lpowerup                     powerup      00000E
__Lram                         ram          000000
__Lramtop                      ramtop       001000
__Lrbit                        rbit         000000
__Lrbss                        rbss         000000
__Lrdata                       rdata        000000
__Lreset_vec                   reset_vec    000000
__Lrparam                      rparam       000000
__Lsfr                         sfr          000000
__Lsmallconst                  smallconst   001000
__Lspace_0                     (abs)        000000
__Lspace_1                     (abs)        000000
__Lspace_2                     (abs)        000000
__Lstack                       stack        000000
__Lstruct                      struct       000000
__Ltemp                        temp         000069
__Ltext                        text         000000
__Ltext0                       text0        000000
__Ltext1                       text1        000000
__Ltext10                      text10       000000
__Ltext11                      text11       000000
__Ltext12                      text12       000000
__Ltext13                      text13       000000
__Ltext14                      text14       000000
__Ltext15                      text15       000000
__Ltext16                      text16       000000
__Ltext17                      text17       000000
__Ltext18                      text18       000000
__Ltext19                      text19       000000
__Ltext2                       text2        000000
__Ltext20                      text20       000000
__Ltext21                      text21       000000
__Ltext22                      text22       000000
__Ltext3                       text3        000000
__Ltext4                       text4        000000
__Ltext5                       text5        000000
__Ltext6                       text6        000000
__Ltext7                       text7        000000
__Ltext8                       text8        000000
__Ltext9                       text9        000000
__S0                           (abs)        30000E
__S1                           (abs)        00006A
__S2                           (abs)        000000
___awtoft                      text5        001EB4
___awtoft@c                    cstackCOMRAM 000018
___awtoft@sign                 cstackCOMRAM 00001B
___ftdiv                       text4        00192C
___ftdiv@cntr                  cstackCOMRAM 000025
___ftdiv@exp                   cstackCOMRAM 000029
___ftdiv@f1                    cstackCOMRAM 00001C
___ftdiv@f2                    cstackCOMRAM 00001F
___ftdiv@f3                    cstackCOMRAM 000026
___ftdiv@sign                  cstackCOMRAM 00002A
___ftge                        text12       001BFE
___ftge@ff1                    cstackCOMRAM 000010
___ftge@ff2                    cstackCOMRAM 000013
___ftmul                       text10       00174A
___ftmul@cntr                  cstackCOMRAM 00002C
___ftmul@exp                   cstackCOMRAM 000028
___ftmul@f1                    cstackCOMRAM 00001F
___ftmul@f2                    cstackCOMRAM 000022
___ftmul@f3_as_product         cstackCOMRAM 000029
___ftmul@sign                  cstackCOMRAM 00002D
___ftpack                      text11       001A12
___ftpack@arg                  cstackCOMRAM 000010
___ftpack@exp                  cstackCOMRAM 000013
___ftpack@sign                 cstackCOMRAM 000014
___fttol                       text3        001656
___fttol@exp1                  cstackCOMRAM 000039
___fttol@f1                    cstackCOMRAM 00002B
___fttol@lval                  cstackCOMRAM 000035
___fttol@sign1                 cstackCOMRAM 000034
___inthi_sp                    stack        000000
___intlo_sp                    stack        000000
___lwdiv                       text17       001D44
___lwdiv@counter               cstackCOMRAM 00001B
___lwdiv@dividend              cstackCOMRAM 000015
___lwdiv@divisor               cstackCOMRAM 000017
___lwdiv@quotient              cstackCOMRAM 000019
___lwmod                       text16       001E72
___lwmod@counter               cstackCOMRAM 000020
___lwmod@dividend              cstackCOMRAM 00001C
___lwmod@divisor               cstackCOMRAM 00001E
___lwtoft                      text9        001F40
___lwtoft@c                    cstackCOMRAM 00001C
___param_bank                  (abs)        000000
___rparam_used                 (abs)        000001
___sp                          stack        000000
__accesstop                    (abs)        000080
__activetblptr                 (abs)        000002
__end_of_ADC_Read              text13       001E2C
__end_of___awtoft              text5        001EEC
__end_of___ftdiv               text4        001A12
__end_of___ftge                text12       001C8E
__end_of___ftmul               text10       00183E
__end_of___ftpack              text11       001AC0
__end_of___fttol               text3        00174A
__end_of___lwdiv               text17       001D96
__end_of___lwmod               text16       001EB4
__end_of___lwtoft              text9        001F64
__end_of__initialization       cinit        001F70
__end_of_displayLog            text8        001DE4
__end_of_dpowers               smallconst   00101C
__end_of_initLCD               text18       001E72
__end_of_itemArray             smallconst   001022
__end_of_keypressed            intcode_body 001BFE
__end_of_keys                  smallconst   001012
__end_of_lcdInst               text19       001F8A
__end_of_lcdNibble             text22       001D44
__end_of_main                  text0        001B60
__end_of_printf                text15       001656
__end_of_putStr                text20       001F40
__end_of_putch                 text21       001F96
__end_of_resetCounts           text7        001F16
__end_of_rotate                text6        001CEE
__end_of_showLogMenu           text14       001514
__end_of_sort                  text1        0013D2
__end_of_ultrasonicFindBottle  text2        00192C
__initialization               cinit        001F64
__mediumconst                  mediumconst  000000
__pbssCOMRAM                   bssCOMRAM    00005F
__pcinit                       cinit        001F64
__pcstackCOMRAM                cstackCOMRAM 000001
__pintcode                     intcode      000008
__pintcode_body                intcode_body 001B60
__psmallconst                  smallconst   001000
__ptext0                       text0        001AC0
__ptext1                       text1        001074
__ptext10                      text10       00174A
__ptext11                      text11       001A12
__ptext12                      text12       001BFE
__ptext13                      text13       001DE4
__ptext14                      text14       0013D2
__ptext15                      text15       001514
__ptext16                      text16       001E72
__ptext17                      text17       001D44
__ptext18                      text18       001E2C
__ptext19                      text19       001F7E
__ptext2                       text2        00183E
__ptext20                      text20       001F16
__ptext21                      text21       001F8A
__ptext22                      text22       001CEE
__ptext3                       text3        001656
__ptext4                       text4        00192C
__ptext5                       text5        001EB4
__ptext6                       text6        001C8E
__ptext7                       text7        001EEC
__ptext8                       text8        001D96
__ptext9                       text9        001F40
__ramtop                       ramtop       001000
__size_of_ADC_Read             (abs)        000000
__size_of___awtoft             (abs)        000000
__size_of___ftdiv              (abs)        000000
__size_of___ftge               (abs)        000000
__size_of___ftmul              (abs)        000000
__size_of___ftpack             (abs)        000000
__size_of___fttol              (abs)        000000
__size_of___lwdiv              (abs)        000000
__size_of___lwmod              (abs)        000000
__size_of___lwtoft             (abs)        000000
__size_of_displayLog           (abs)        000000
__size_of_initLCD              (abs)        000000
__size_of_keypressed           (abs)        000000
__size_of_lcdInst              (abs)        000000
__size_of_lcdNibble            (abs)        000000
__size_of_main                 (abs)        000000
__size_of_printf               (abs)        000000
__size_of_putStr               (abs)        000000
__size_of_putch                (abs)        000000
__size_of_resetCounts          (abs)        000000
__size_of_rotate               (abs)        000000
__size_of_showLogMenu          (abs)        000000
__size_of_sort                 (abs)        000000
__size_of_ultrasonicFindBottle (abs)        000000
__smallconst                   smallconst   001000
_displayLog                    text8        001D96
_dpowers                       smallconst   001012
_eskaCap                       bssCOMRAM    00005F
_eskaNoCap                     bssCOMRAM    000061
_initLCD                       text18       001E2C
_itemArray                     smallconst   00101C
_keypressed                    intcode      000008
_keys                          smallconst   001001
_lcdInst                       text19       001F7E
_lcdNibble                     text22       001CEE
_main                          text0        001AC0
_printf                        text15       001514
_putStr                        text20       001F16
_putch                         text21       001F8A
_resetCounts                   text7        001EEC
_rotate                        text6        001C8E
_showLogMenu                   text14       0013D2
_sort                          text1        001074
_time                          bssCOMRAM    000063
_ultrasonicFindBottle          text2        00183E
_yopCap                        bssCOMRAM    000065
_yopNoCap                      bssCOMRAM    000067
btemp                          temp         000069
displayLog@eskaCap             cstackCOMRAM 000033
displayLog@eskaNoCap           cstackCOMRAM 000035
displayLog@time                cstackCOMRAM 00003B
displayLog@yopCap              cstackCOMRAM 000037
displayLog@yopNoCap            cstackCOMRAM 000039
end_of_initialization          cinit        001F70
int$flags                      temp         000069
int_func                       intcode_body 001B60
intlevel0                      text         000000
intlevel1                      text         000000
intlevel2                      text         000000
intlevel3                      text         000000
keypressed@keypress            cstackCOMRAM 00000F
lcdInst@data                   cstackCOMRAM 000012
lcdNibble@data                 cstackCOMRAM 000011
lcdNibble@temp                 cstackCOMRAM 000010
main@keypress                  cstackCOMRAM 00005E
printf@ap                      cstackCOMRAM 00002E
printf@c                       cstackCOMRAM 000032
printf@f                       cstackCOMRAM 000021
printf@flag                    cstackCOMRAM 00002C
printf@prec                    cstackCOMRAM 00002D
printf@val                     cstackCOMRAM 000030
putStr@ptr                     cstackCOMRAM 000013
putch@data                     cstackCOMRAM 000012
rotate@degree                  cstackCOMRAM 000010
rotate@i                       cstackCOMRAM 000015
rotate@j                       cstackCOMRAM 000013
showLogMenu@pointer            cstackCOMRAM 000037
showLogMenu@press1             cstackCOMRAM 000035
showLogMenu@temp2              cstackCOMRAM 000036
showLogMenu@topItem            cstackCOMRAM 000039
sort@bottle                    cstackCOMRAM 00005A
sort@currentContainer          cstackCOMRAM 000046
sort@i                         cstackCOMRAM 000054
sort@i_624                     cstackCOMRAM 000055
sort@i_625                     cstackCOMRAM 000056
sort@i_634                     cstackCOMRAM 000057
sort@i_639                     cstackCOMRAM 00005C
sort@i_640                     cstackCOMRAM 000058
sort@i_641                     cstackCOMRAM 000059
sort@lightSensor               cstackCOMRAM 00004E
sort@lightVolt                 cstackCOMRAM 00004B
sort@microswitch               cstackCOMRAM 000050
sort@proxSensor                cstackCOMRAM 000052
sort@proxVolt                  cstackCOMRAM 000048
stackhi                        (abs)        000EEE
stacklo                        (abs)        000080
start                          init         00000E
start_initialization           cinit        001F64
ultrasonicFindBottle@a         cstackCOMRAM 000040


FUNCTION INFORMATION:

 *************** function _main *****************
 Defined at:
		line 19 in file "main.c"
 Parameters:    Size  Location     Type
		None
 Auto vars:     Size  Location     Type
  keypress        1   93[COMRAM] unsigned char 
 Return value:  Size  Location     Type
                  1    wreg      void 
 Registers used:
		wreg, fsr2l, fsr2h, status,2, status,0, tblptrl, tblptrh, tblptru, prodl, prodh, cstack
 Tracked objects:
		On entry : 
		On exit  : 
		Unchanged: 
 Data sizes:     COMRAM   BANK0   BANK1   BANK2   BANK3   BANK4   BANK5   BANK6   BANK7   BANK8   BANK9  BANK10  BANK11  BANK12  BANK13  BANK14  BANK15
      Params:         0       0       0       0       0       0       0       0       0       0       0       0       0       0       0       0       0
      Locals:         1       0       0       0       0       0       0       0       0       0       0       0       0       0       0       0       0
      Temps:          0       0       0       0       0       0       0       0       0       0       0       0       0       0       0       0       0
      Totals:         1       0       0       0       0       0       0       0       0       0       0       0       0       0       0       0       0
Total ram usage:        1 bytes
 Hardware stack levels required when called:    6
 This function calls:
		_initLCD
		_putStr
		_showLogMenu
		_sort
 This function is called by:
		Startup code after reset
 This function uses a non-reentrant model


 *************** function _sort *****************
 Defined at:
		line 102 in file "start.c"
 Parameters:    Size  Location     Type
		None
 Auto vars:     Size  Location     Type
  i               1   86[COMRAM] unsigned char 
  i               1   85[COMRAM] unsigned char 
  i               1   84[COMRAM] unsigned char 
  i               1   83[COMRAM] unsigned char 
  i               1   88[COMRAM] unsigned char 
  i               1   87[COMRAM] unsigned char 
  lightVolt       3   74[COMRAM] float 
  proxVolt        3   71[COMRAM] float 
  i               2   91[COMRAM] unsigned int 
  bottle          2   89[COMRAM] int 
  proxSensor      2   81[COMRAM] int 
  microswitch     2   79[COMRAM] int 
  lightSensor     2   77[COMRAM] int 
  currentConta    2   69[COMRAM] int 
 Return value:  Size  Location     Type
                  1    wreg      void 
 Registers used:
		wreg, fsr2l, fsr2h, status,2, status,0, tblptrl, tblptrh, tblptru, prodl, prodh, cstack
 Tracked objects:
		On entry : 
		On exit  : 
		Unchanged: 
 Data sizes:     COMRAM   BANK0   BANK1   BANK2   BANK3   BANK4   BANK5   BANK6   BANK7   BANK8   BANK9  BANK10  BANK11  BANK12  BANK13  BANK14  BANK15
      Params:         0       0       0       0       0       0       0       0       0       0       0       0       0       0       0       0       0
      Locals:        24       0       0       0       0       0       0       0       0       0       0       0       0       0       0       0       0
      Temps:          4       0       0       0       0       0       0       0       0       0       0       0       0       0       0       0       0
      Totals:        28       0       0       0       0       0       0       0       0       0       0       0       0       0       0       0       0
Total ram usage:       28 bytes
 Hardware stack levels used:    1
 Hardware stack levels required when called:    5
 This function calls:
		_ADC_Read
		___ftge
		___ftmul
		___lwdiv
		___lwtoft
		_displayLog
		_lcdInst
		_printf
		_resetCounts
		_rotate
		_ultrasonicFindBottle
 This function is called by:
		_main
 This function uses a non-reentrant model


 *************** function _ultrasonicFindBottle *****************
 Defined at:
		line 28 in file "start.c"
 Parameters:    Size  Location     Type
		None
 Auto vars:     Size  Location     Type
  a               2   63[COMRAM] int 
 Return value:  Size  Location     Type
                  2   57[COMRAM] int 
 Registers used:
		wreg, status,2, status,0, cstack
 Tracked objects:
		On entry : 
		On exit  : 
		Unchanged: 
 Data sizes:     COMRAM   BANK0   BANK1   BANK2   BANK3   BANK4   BANK5   BANK6   BANK7   BANK8   BANK9  BANK10  BANK11  BANK12  BANK13  BANK14  BANK15
      Params:         2       0       0       0       0       0       0       0       0       0       0       0       0       0       0       0       0
      Locals:         2       0       0       0       0       0       0       0       0       0       0       0       0       0       0       0       0
      Temps:          4       0       0       0       0       0       0       0       0       0       0       0       0       0       0       0       0
      Totals:         8       0       0       0       0       0       0       0       0       0       0       0       0       0       0       0       0
Total ram usage:        8 bytes
 Hardware stack levels used:    1
 Hardware stack levels required when called:    3
 This function calls:
		___awtoft
		___ftdiv
		___fttol
 This function is called by:
		_sort
 This function uses a non-reentrant model


 *************** function ___fttol *****************
 Defined at:
		line 44 in file "C:\Program Files (x86)\Microchip\xc8\v1.40\sources\common\fttol.c"
 Parameters:    Size  Location     Type
  f1              3   42[COMRAM] float 
 Auto vars:     Size  Location     Type
  lval            4   52[COMRAM] unsigned long 
  exp1            1   56[COMRAM] unsigned char 
  sign1           1   51[COMRAM] unsigned char 
 Return value:  Size  Location     Type
                  4   42[COMRAM] long 
 Registers used:
		wreg, status,2, status,0
 Tracked objects:
		On entry : 
		On exit  : 
		Unchanged: 
 Data sizes:     COMRAM   BANK0   BANK1   BANK2   BANK3   BANK4   BANK5   BANK6   BANK7   BANK8   BANK9  BANK10  BANK11  BANK12  BANK13  BANK14  BANK15
      Params:         4       0       0       0       0       0       0       0       0       0       0       0       0       0       0       0       0
      Locals:         6       0       0       0       0       0       0       0       0       0       0       0       0       0       0       0       0
      Temps:          5       0       0       0       0       0       0       0       0       0       0       0       0       0       0       0       0
      Totals:        15       0       0       0       0       0       0       0       0       0       0       0       0       0       0       0       0
Total ram usage:       15 bytes
 Hardware stack levels used:    1
 Hardware stack levels required when called:    1
 This function calls:
		Nothing
 This function is called by:
		_ultrasonicFindBottle
 This function uses a non-reentrant model


 *************** function ___ftdiv *****************
 Defined at:
		line 54 in file "C:\Program Files (x86)\Microchip\xc8\v1.40\sources\common\ftdiv.c"
 Parameters:    Size  Location     Type
  f1              3   27[COMRAM] float 
  f2              3   30[COMRAM] float 
 Auto vars:     Size  Location     Type
  f3              3   37[COMRAM] float 
  sign            1   41[COMRAM] unsigned char 
  exp             1   40[COMRAM] unsigned char 
  cntr            1   36[COMRAM] unsigned char 
 Return value:  Size  Location     Type
                  3   27[COMRAM] float 
 Registers used:
		wreg, status,2, status,0, cstack
 Tracked objects:
		On entry : 
		On exit  : 
		Unchanged: 
 Data sizes:     COMRAM   BANK0   BANK1   BANK2   BANK3   BANK4   BANK5   BANK6   BANK7   BANK8   BANK9  BANK10  BANK11  BANK12  BANK13  BANK14  BANK15
      Params:         6       0       0       0       0       0       0       0       0       0       0       0       0       0       0       0       0
      Locals:         6       0       0       0       0       0       0       0       0       0       0       0       0       0       0       0       0
      Temps:          3       0       0       0       0       0       0       0       0       0       0       0       0       0       0       0       0
      Totals:        15       0       0       0       0       0       0       0       0       0       0       0       0       0       0       0       0
Total ram usage:       15 bytes
 Hardware stack levels used:    1
 Hardware stack levels required when called:    2
 This function calls:
		___ftpack
 This function is called by:
		_ultrasonicFindBottle
 This function uses a non-reentrant model


 *************** function ___awtoft *****************
 Defined at:
		line 32 in file "C:\Program Files (x86)\Microchip\xc8\v1.40\sources\common\awtoft.c"
 Parameters:    Size  Location     Type
  c               2   23[COMRAM] int 
 Auto vars:     Size  Location     Type
  sign            1   26[COMRAM] unsigned char 
 Return value:  Size  Location     Type
                  3   23[COMRAM] float 
 Registers used:
		wreg, status,2, status,0, cstack
 Tracked objects:
		On entry : 
		On exit  : 
		Unchanged: 
 Data sizes:     COMRAM   BANK0   BANK1   BANK2   BANK3   BANK4   BANK5   BANK6   BANK7   BANK8   BANK9  BANK10  BANK11  BANK12  BANK13  BANK14  BANK15
      Params:         3       0       0       0       0       0       0       0       0       0       0       0       0       0       0       0       0
      Locals:         1       0       0       0       0       0       0       0       0       0       0       0       0       0       0       0       0
      Temps:          0       0       0       0       0       0       0       0       0       0       0       0       0       0       0       0       0
      Totals:         4       0       0       0       0       0       0       0       0       0       0       0       0       0       0       0       0
Total ram usage:        4 bytes
 Hardware stack levels used:    1
 Hardware stack levels required when called:    2
 This function calls:
		___ftpack
 This function is called by:
		_ultrasonicFindBottle
 This function uses a non-reentrant model


 *************** function _rotate *****************
 Defined at:
		line 60 in file "start.c"
 Parameters:    Size  Location     Type
  degree          2   15[COMRAM] int 
 Auto vars:     Size  Location     Type
  i               2   20[COMRAM] unsigned int 
  j               2   18[COMRAM] unsigned int 
 Return value:  Size  Location     Type
                  1    wreg      void 
 Registers used:
		wreg, status,2, status,0
 Tracked objects:
		On entry : 
		On exit  : 
		Unchanged: 
 Data sizes:     COMRAM   BANK0   BANK1   BANK2   BANK3   BANK4   BANK5   BANK6   BANK7   BANK8   BANK9  BANK10  BANK11  BANK12  BANK13  BANK14  BANK15
      Params:         2       0       0       0       0       0       0       0       0       0       0       0       0       0       0       0       0
      Locals:         4       0       0       0       0       0       0       0       0       0       0       0       0       0       0       0       0
      Temps:          1       0       0       0       0       0       0       0       0       0       0       0       0       0       0       0       0
      Totals:         7       0       0       0       0       0       0       0       0       0       0       0       0       0       0       0       0
Total ram usage:        7 bytes
 Hardware stack levels used:    1
 Hardware stack levels required when called:    1
 This function calls:
		Nothing
 This function is called by:
		_sort
 This function uses a non-reentrant model


 *************** function _resetCounts *****************
 Defined at:
		line 19 in file "start.c"
 Parameters:    Size  Location     Type
		None
 Auto vars:     Size  Location     Type
		None
 Return value:  Size  Location     Type
                  1    wreg      void 
 Registers used:
		wreg, status,2
 Tracked objects:
		On entry : 
		On exit  : 
		Unchanged: 
 Data sizes:     COMRAM   BANK0   BANK1   BANK2   BANK3   BANK4   BANK5   BANK6   BANK7   BANK8   BANK9  BANK10  BANK11  BANK12  BANK13  BANK14  BANK15
      Params:         0       0       0       0       0       0       0       0       0       0       0       0       0       0       0       0       0
      Locals:         0       0       0       0       0       0       0       0       0       0       0       0       0       0       0       0       0
      Temps:          0       0       0       0       0       0       0       0       0       0       0       0       0       0       0       0       0
      Totals:         0       0       0       0       0       0       0       0       0       0       0       0       0       0       0       0       0
Total ram usage:        0 bytes
 Hardware stack levels used:    1
 Hardware stack levels required when called:    1
 This function calls:
		Nothing
 This function is called by:
		_sort
 This function uses a non-reentrant model


 *************** function _displayLog *****************
 Defined at:
		line 18 in file "logs.c"
 Parameters:    Size  Location     Type
  eskaCap         2   50[COMRAM] int 
  eskaNoCap       2   52[COMRAM] int 
  yopCap          2   54[COMRAM] int 
  yopNoCap        2   56[COMRAM] int 
  time            2   58[COMRAM] int 
 Auto vars:     Size  Location     Type
		None
 Return value:  Size  Location     Type
                  1    wreg      void 
 Registers used:
		wreg, fsr2l, fsr2h, status,2, status,0, tblptrl, tblptrh, tblptru, prodl, prodh, cstack
 Tracked objects:
		On entry : 
		On exit  : 
		Unchanged: 
 Data sizes:     COMRAM   BANK0   BANK1   BANK2   BANK3   BANK4   BANK5   BANK6   BANK7   BANK8   BANK9  BANK10  BANK11  BANK12  BANK13  BANK14  BANK15
      Params:        10       0       0       0       0       0       0       0       0       0       0       0       0       0       0       0       0
      Locals:         0       0       0       0       0       0       0       0       0       0       0       0       0       0       0       0       0
      Temps:          0       0       0       0       0       0       0       0       0       0       0       0       0       0       0       0       0
      Totals:        10       0       0       0       0       0       0       0       0       0       0       0       0       0       0       0       0
Total ram usage:       10 bytes
 Hardware stack levels used:    1
 Hardware stack levels required when called:    4
 This function calls:
		_lcdInst
		_printf
 This function is called by:
		_sort
 This function uses a non-reentrant model


 *************** function ___lwtoft *****************
 Defined at:
		line 28 in file "C:\Program Files (x86)\Microchip\xc8\v1.40\sources\common\lwtoft.c"
 Parameters:    Size  Location     Type
  c               2   27[COMRAM] unsigned int 
 Auto vars:     Size  Location     Type
		None
 Return value:  Size  Location     Type
                  3   27[COMRAM] float 
 Registers used:
		wreg, status,2, status,0, cstack
 Tracked objects:
		On entry : 
		On exit  : 
		Unchanged: 
 Data sizes:     COMRAM   BANK0   BANK1   BANK2   BANK3   BANK4   BANK5   BANK6   BANK7   BANK8   BANK9  BANK10  BANK11  BANK12  BANK13  BANK14  BANK15
      Params:         3       0       0       0       0       0       0       0       0       0       0       0       0       0       0       0       0
      Locals:         0       0       0       0       0       0       0       0       0       0       0       0       0       0       0       0       0
      Temps:          0       0       0       0       0       0       0       0       0       0       0       0       0       0       0       0       0
      Totals:         3       0       0       0       0       0       0       0       0       0       0       0       0       0       0       0       0
Total ram usage:        3 bytes
 Hardware stack levels used:    1
 Hardware stack levels required when called:    2
 This function calls:
		___ftpack
 This function is called by:
		_sort
 This function uses a non-reentrant model


 *************** function ___ftmul *****************
 Defined at:
		line 62 in file "C:\Program Files (x86)\Microchip\xc8\v1.40\sources\common\ftmul.c"
 Parameters:    Size  Location     Type
  f1              3   30[COMRAM] float 
  f2              3   33[COMRAM] float 
 Auto vars:     Size  Location     Type
  f3_as_produc    3   40[COMRAM] unsigned um
  sign            1   44[COMRAM] unsigned char 
  cntr            1   43[COMRAM] unsigned char 
  exp             1   39[COMRAM] unsigned char 
 Return value:  Size  Location     Type
                  3   30[COMRAM] float 
 Registers used:
		wreg, status,2, status,0, cstack
 Tracked objects:
		On entry : 
		On exit  : 
		Unchanged: 
 Data sizes:     COMRAM   BANK0   BANK1   BANK2   BANK3   BANK4   BANK5   BANK6   BANK7   BANK8   BANK9  BANK10  BANK11  BANK12  BANK13  BANK14  BANK15
      Params:         6       0       0       0       0       0       0       0       0       0       0       0       0       0       0       0       0
      Locals:         6       0       0       0       0       0       0       0       0       0       0       0       0       0       0       0       0
      Temps:          3       0       0       0       0       0       0       0       0       0       0       0       0       0       0       0       0
      Totals:        15       0       0       0       0       0       0       0       0       0       0       0       0       0       0       0       0
Total ram usage:       15 bytes
 Hardware stack levels used:    1
 Hardware stack levels required when called:    2
 This function calls:
		___ftpack
 This function is called by:
		_sort
 This function uses a non-reentrant model


 *************** function ___ftpack *****************
 Defined at:
		line 62 in file "C:\Program Files (x86)\Microchip\xc8\v1.40\sources\common\float.c"
 Parameters:    Size  Location     Type
  arg             3   15[COMRAM] unsigned um
  exp             1   18[COMRAM] unsigned char 
  sign            1   19[COMRAM] unsigned char 
 Auto vars:     Size  Location     Type
		None
 Return value:  Size  Location     Type
                  3   15[COMRAM] float 
 Registers used:
		wreg, status,2, status,0
 Tracked objects:
		On entry : 
		On exit  : 
		Unchanged: 
 Data sizes:     COMRAM   BANK0   BANK1   BANK2   BANK3   BANK4   BANK5   BANK6   BANK7   BANK8   BANK9  BANK10  BANK11  BANK12  BANK13  BANK14  BANK15
      Params:         5       0       0       0       0       0       0       0       0       0       0       0       0       0       0       0       0
      Locals:         0       0       0       0       0       0       0       0       0       0       0       0       0       0       0       0       0
      Temps:          3       0       0       0       0       0       0       0       0       0       0       0       0       0       0       0       0
      Totals:         8       0       0       0       0       0       0       0       0       0       0       0       0       0       0       0       0
Total ram usage:        8 bytes
 Hardware stack levels used:    1
 Hardware stack levels required when called:    1
 This function calls:
		Nothing
 This function is called by:
		___awtoft
		___ftdiv
		___ftmul
		___lwtoft
 This function uses a non-reentrant model


 *************** function ___ftge *****************
 Defined at:
		line 4 in file "C:\Program Files (x86)\Microchip\xc8\v1.40\sources\common\ftge.c"
 Parameters:    Size  Location     Type
  ff1             3   15[COMRAM] float 
  ff2             3   18[COMRAM] float 
 Auto vars:     Size  Location     Type
		None
 Return value:  Size  Location     Type
		None               void
 Registers used:
		wreg, status,2, status,0
 Tracked objects:
		On entry : 
		On exit  : 
		Unchanged: 
 Data sizes:     COMRAM   BANK0   BANK1   BANK2   BANK3   BANK4   BANK5   BANK6   BANK7   BANK8   BANK9  BANK10  BANK11  BANK12  BANK13  BANK14  BANK15
      Params:         6       0       0       0       0       0       0       0       0       0       0       0       0       0       0       0       0
      Locals:         0       0       0       0       0       0       0       0       0       0       0       0       0       0       0       0       0
      Temps:          3       0       0       0       0       0       0       0       0       0       0       0       0       0       0       0       0
      Totals:         9       0       0       0       0       0       0       0       0       0       0       0       0       0       0       0       0
Total ram usage:        9 bytes
 Hardware stack levels used:    1
 Hardware stack levels required when called:    1
 This function calls:
		Nothing
 This function is called by:
		_sort
 This function uses a non-reentrant model


 *************** function _ADC_Read *****************
 Defined at:
		line 75 in file "start.c"
 Parameters:    Size  Location     Type
  channel         1    wreg     unsigned char 
 Auto vars:     Size  Location     Type
  channel         1   19[COMRAM] unsigned char 
 Return value:  Size  Location     Type
                  2   15[COMRAM] unsigned int 
 Registers used:
		wreg, status,2, status,0
 Tracked objects:
		On entry : 
		On exit  : 
		Unchanged: 
 Data sizes:     COMRAM   BANK0   BANK1   BANK2   BANK3   BANK4   BANK5   BANK6   BANK7   BANK8   BANK9  BANK10  BANK11  BANK12  BANK13  BANK14  BANK15
      Params:         2       0       0       0       0       0       0       0       0       0       0       0       0       0       0       0       0
      Locals:         1       0       0       0       0       0       0       0       0       0       0       0       0       0       0       0       0
      Temps:          2       0       0       0       0       0       0       0       0       0       0       0       0       0       0       0       0
      Totals:         5       0       0       0       0       0       0       0       0       0       0       0       0       0       0       0       0
Total ram usage:        5 bytes
 Hardware stack levels used:    1
 Hardware stack levels required when called:    1
 This function calls:
		Nothing
 This function is called by:
		_sort
 This function uses a non-reentrant model


 *************** function _showLogMenu *****************
 Defined at:
		line 26 in file "logs.c"
 Parameters:    Size  Location     Type
		None
 Auto vars:     Size  Location     Type
  temp2           1   53[COMRAM] unsigned char 
  press1          1   52[COMRAM] unsigned char 
  topItem         2   56[COMRAM] int 
  pointer         2   54[COMRAM] int 
 Return value:  Size  Location     Type
                  1    wreg      void 
 Registers used:
		wreg, fsr2l, fsr2h, status,2, status,0, tblptrl, tblptrh, tblptru, prodl, prodh, cstack
 Tracked objects:
		On entry : 
		On exit  : 
		Unchanged: 
 Data sizes:     COMRAM   BANK0   BANK1   BANK2   BANK3   BANK4   BANK5   BANK6   BANK7   BANK8   BANK9  BANK10  BANK11  BANK12  BANK13  BANK14  BANK15
      Params:         0       0       0       0       0       0       0       0       0       0       0       0       0       0       0       0       0
      Locals:         6       0       0       0       0       0       0       0       0       0       0       0       0       0       0       0       0
      Temps:          2       0       0       0       0       0       0       0       0       0       0       0       0       0       0       0       0
      Totals:         8       0       0       0       0       0       0       0       0       0       0       0       0       0       0       0       0
Total ram usage:        8 bytes
 Hardware stack levels used:    1
 Hardware stack levels required when called:    4
 This function calls:
		_initLCD
		_lcdInst
		_printf
		_putch
 This function is called by:
		_main
 This function uses a non-reentrant model


 *************** function _printf *****************
 Defined at:
		line 464 in file "C:\Program Files (x86)\Microchip\xc8\v1.40\sources\common\doprnt.c"
 Parameters:    Size  Location     Type
  f               2   32[COMRAM] PTR const unsigned char 
		 -> STR_9(5), STR_8(9), STR_7(9), STR_6(21), 
		 -> STR_5(17), STR_4(2), STR_3(21), 
 Auto vars:     Size  Location     Type
  tmpval          4    0        struct .
  cp              3    0        PTR const unsigned char 
  val             2   47[COMRAM] unsigned int 
  ap              2   45[COMRAM] PTR void [1]
		 -> ?_printf(2), 
  len             2    0        unsigned int 
  c               1   49[COMRAM] char 
  prec            1   44[COMRAM] char 
  flag            1   43[COMRAM] unsigned char 
 Return value:  Size  Location     Type
                  2   32[COMRAM] int 
 Registers used:
		wreg, fsr2l, fsr2h, status,2, status,0, tblptrl, tblptrh, tblptru, prodl, prodh, cstack
 Tracked objects:
		On entry : 
		On exit  : 
		Unchanged: 
 Data sizes:     COMRAM   BANK0   BANK1   BANK2   BANK3   BANK4   BANK5   BANK6   BANK7   BANK8   BANK9  BANK10  BANK11  BANK12  BANK13  BANK14  BANK15
      Params:        10       0       0       0       0       0       0       0       0       0       0       0       0       0       0       0       0
      Locals:         7       0       0       0       0       0       0       0       0       0       0       0       0       0       0       0       0
      Temps:          1       0       0       0       0       0       0       0       0       0       0       0       0       0       0       0       0
      Totals:        18       0       0       0       0       0       0       0       0       0       0       0       0       0       0       0       0
Total ram usage:       18 bytes
 Hardware stack levels used:    1
 Hardware stack levels required when called:    3
 This function calls:
		___lwdiv
		___lwmod
		_putch
 This function is called by:
		_sort
		_displayLog
		_showLogMenu
 This function uses a non-reentrant model


 *************** function ___lwmod *****************
 Defined at:
		line 8 in file "C:\Program Files (x86)\Microchip\xc8\v1.40\sources\common\lwmod.c"
 Parameters:    Size  Location     Type
  dividend        2   27[COMRAM] unsigned int 
  divisor         2   29[COMRAM] unsigned int 
 Auto vars:     Size  Location     Type
  counter         1   31[COMRAM] unsigned char 
 Return value:  Size  Location     Type
                  2   27[COMRAM] unsigned int 
 Registers used:
		wreg, status,2, status,0
 Tracked objects:
		On entry : 
		On exit  : 
		Unchanged: 
 Data sizes:     COMRAM   BANK0   BANK1   BANK2   BANK3   BANK4   BANK5   BANK6   BANK7   BANK8   BANK9  BANK10  BANK11  BANK12  BANK13  BANK14  BANK15
      Params:         4       0       0       0       0       0       0       0       0       0       0       0       0       0       0       0       0
      Locals:         1       0       0       0       0       0       0       0       0       0       0       0       0       0       0       0       0
      Temps:          0       0       0       0       0       0       0       0       0       0       0       0       0       0       0       0       0
      Totals:         5       0       0       0       0       0       0       0       0       0       0       0       0       0       0       0       0
Total ram usage:        5 bytes
 Hardware stack levels used:    1
 Hardware stack levels required when called:    1
 This function calls:
		Nothing
 This function is called by:
		_printf
 This function uses a non-reentrant model


 *************** function ___lwdiv *****************
 Defined at:
		line 8 in file "C:\Program Files (x86)\Microchip\xc8\v1.40\sources\common\lwdiv.c"
 Parameters:    Size  Location     Type
  dividend        2   20[COMRAM] unsigned int 
  divisor         2   22[COMRAM] unsigned int 
 Auto vars:     Size  Location     Type
  quotient        2   24[COMRAM] unsigned int 
  counter         1   26[COMRAM] unsigned char 
 Return value:  Size  Location     Type
                  2   20[COMRAM] unsigned int 
 Registers used:
		wreg, status,2, status,0
 Tracked objects:
		On entry : 
		On exit  : 
		Unchanged: 
 Data sizes:     COMRAM   BANK0   BANK1   BANK2   BANK3   BANK4   BANK5   BANK6   BANK7   BANK8   BANK9  BANK10  BANK11  BANK12  BANK13  BANK14  BANK15
      Params:         4       0       0       0       0       0       0       0       0       0       0       0       0       0       0       0       0
      Locals:         3       0       0       0       0       0       0       0       0       0       0       0       0       0       0       0       0
      Temps:          0       0       0       0       0       0       0       0       0       0       0       0       0       0       0       0       0
      Totals:         7       0       0       0       0       0       0       0       0       0       0       0       0       0       0       0       0
Total ram usage:        7 bytes
 Hardware stack levels used:    1
 Hardware stack levels required when called:    1
 This function calls:
		Nothing
 This function is called by:
		_sort
		_printf
 This function uses a non-reentrant model


 *************** function _initLCD *****************
 Defined at:
		line 15 in file "lcd.c"
 Parameters:    Size  Location     Type
		None
 Auto vars:     Size  Location     Type
		None
 Return value:  Size  Location     Type
                  1    wreg      void 
 Registers used:
		wreg, status,2, status,0, cstack
 Tracked objects:
		On entry : 
		On exit  : 
		Unchanged: 
 Data sizes:     COMRAM   BANK0   BANK1   BANK2   BANK3   BANK4   BANK5   BANK6   BANK7   BANK8   BANK9  BANK10  BANK11  BANK12  BANK13  BANK14  BANK15
      Params:         0       0       0       0       0       0       0       0       0       0       0       0       0       0       0       0       0
      Locals:         0       0       0       0       0       0       0       0       0       0       0       0       0       0       0       0       0
      Temps:          1       0       0       0       0       0       0       0       0       0       0       0       0       0       0       0       0
      Totals:         1       0       0       0       0       0       0       0       0       0       0       0       0       0       0       0       0
Total ram usage:        1 bytes
 Hardware stack levels used:    1
 Hardware stack levels required when called:    3
 This function calls:
		_lcdInst
 This function is called by:
		_main
		_showLogMenu
 This function uses a non-reentrant model


 *************** function _lcdInst *****************
 Defined at:
		line 26 in file "lcd.c"
 Parameters:    Size  Location     Type
  data            1    wreg     unsigned char 
 Auto vars:     Size  Location     Type
  data            1   17[COMRAM] unsigned char 
 Return value:  Size  Location     Type
                  1    wreg      void 
 Registers used:
		wreg, status,2, status,0, cstack
 Tracked objects:
		On entry : 
		On exit  : 
		Unchanged: 
 Data sizes:     COMRAM   BANK0   BANK1   BANK2   BANK3   BANK4   BANK5   BANK6   BANK7   BANK8   BANK9  BANK10  BANK11  BANK12  BANK13  BANK14  BANK15
      Params:         0       0       0       0       0       0       0       0       0       0       0       0       0       0       0       0       0
      Locals:         1       0       0       0       0       0       0       0       0       0       0       0       0       0       0       0       0
      Temps:          0       0       0       0       0       0       0       0       0       0       0       0       0       0       0       0       0
      Totals:         1       0       0       0       0       0       0       0       0       0       0       0       0       0       0       0       0
Total ram usage:        1 bytes
 Hardware stack levels used:    1
 Hardware stack levels required when called:    2
 This function calls:
		_lcdNibble
 This function is called by:
		_initLCD
		_sort
		_displayLog
		_showLogMenu
 This function uses a non-reentrant model


 *************** function _putStr *****************
 Defined at:
		line 36 in file "lcd.c"
 Parameters:    Size  Location     Type
  ptr             2   18[COMRAM] PTR unsigned char 
		 -> STR_2(10), STR_1(16), 
 Auto vars:     Size  Location     Type
		None
 Return value:  Size  Location     Type
                  1    wreg      void 
 Registers used:
		wreg, status,2, status,0, tblptrl, tblptrh, tblptru, cstack
 Tracked objects:
		On entry : 
		On exit  : 
		Unchanged: 
 Data sizes:     COMRAM   BANK0   BANK1   BANK2   BANK3   BANK4   BANK5   BANK6   BANK7   BANK8   BANK9  BANK10  BANK11  BANK12  BANK13  BANK14  BANK15
      Params:         2       0       0       0       0       0       0       0       0       0       0       0       0       0       0       0       0
      Locals:         0       0       0       0       0       0       0       0       0       0       0       0       0       0       0       0       0
      Temps:          0       0       0       0       0       0       0       0       0       0       0       0       0       0       0       0       0
      Totals:         2       0       0       0       0       0       0       0       0       0       0       0       0       0       0       0       0
Total ram usage:        2 bytes
 Hardware stack levels used:    1
 Hardware stack levels required when called:    3
 This function calls:
		_putch
 This function is called by:
		_main
 This function uses a non-reentrant model


 *************** function _putch *****************
 Defined at:
		line 31 in file "lcd.c"
 Parameters:    Size  Location     Type
  data            1    wreg     unsigned char 
 Auto vars:     Size  Location     Type
  data            1   17[COMRAM] unsigned char 
 Return value:  Size  Location     Type
                  1    wreg      void 
 Registers used:
		wreg, status,2, status,0, cstack
 Tracked objects:
		On entry : 
		On exit  : 
		Unchanged: 
 Data sizes:     COMRAM   BANK0   BANK1   BANK2   BANK3   BANK4   BANK5   BANK6   BANK7   BANK8   BANK9  BANK10  BANK11  BANK12  BANK13  BANK14  BANK15
      Params:         0       0       0       0       0       0       0       0       0       0       0       0       0       0       0       0       0
      Locals:         1       0       0       0       0       0       0       0       0       0       0       0       0       0       0       0       0
      Temps:          0       0       0       0       0       0       0       0       0       0       0       0       0       0       0       0       0
      Totals:         1       0       0       0       0       0       0       0       0       0       0       0       0       0       0       0       0
Total ram usage:        1 bytes
 Hardware stack levels used:    1
 Hardware stack levels required when called:    2
 This function calls:
		_lcdNibble
 This function is called by:
		_putStr
		_showLogMenu
		_printf
 This function uses a non-reentrant model


 *************** function _lcdNibble *****************
 Defined at:
		line 41 in file "lcd.c"
 Parameters:    Size  Location     Type
  data            1    wreg     unsigned char 
 Auto vars:     Size  Location     Type
  data            1   16[COMRAM] unsigned char 
  temp            1   15[COMRAM] unsigned char 
 Return value:  Size  Location     Type
                  1    wreg      void 
 Registers used:
		wreg, status,2, status,0
 Tracked objects:
		On entry : 
		On exit  : 
		Unchanged: 
 Data sizes:     COMRAM   BANK0   BANK1   BANK2   BANK3   BANK4   BANK5   BANK6   BANK7   BANK8   BANK9  BANK10  BANK11  BANK12  BANK13  BANK14  BANK15
      Params:         0       0       0       0       0       0       0       0       0       0       0       0       0       0       0       0       0
      Locals:         2       0       0       0       0       0       0       0       0       0       0       0       0       0       0       0       0
      Temps:          0       0       0       0       0       0       0       0       0       0       0       0       0       0       0       0       0
      Totals:         2       0       0       0       0       0       0       0       0       0       0       0       0       0       0       0       0
Total ram usage:        2 bytes
 Hardware stack levels used:    1
 Hardware stack levels required when called:    1
 This function calls:
		Nothing
 This function is called by:
		_lcdInst
		_putch
 This function uses a non-reentrant model


 *************** function _keypressed *****************
 Defined at:
		line 65 in file "main.c"
 Parameters:    Size  Location     Type
		None
 Auto vars:     Size  Location     Type
  keypress        1   14[COMRAM] unsigned char 
 Return value:  Size  Location     Type
                  1    wreg      void 
 Registers used:
		wreg, status,2, status,0, tblptrl, tblptrh, tblptru, prodl, prodh
 Tracked objects:
		On entry : 
		On exit  : 
		Unchanged: 
 Data sizes:     COMRAM   BANK0   BANK1   BANK2   BANK3   BANK4   BANK5   BANK6   BANK7   BANK8   BANK9  BANK10  BANK11  BANK12  BANK13  BANK14  BANK15
      Params:         0       0       0       0       0       0       0       0       0       0       0       0       0       0       0       0       0
      Locals:         1       0       0       0       0       0       0       0       0       0       0       0       0       0       0       0       0
      Temps:         14       0       0       0       0       0       0       0       0       0       0       0       0       0       0       0       0
      Totals:        15       0       0       0       0       0       0       0       0       0       0       0       0       0       0       0       0
Total ram usage:       15 bytes
 Hardware stack levels used:    1
 This function calls:
		Nothing
 This function is called by:
		Interrupt level 2
 This function uses a non-reentrant model



MODULE INFORMATION

Module		Function		Class		Link	Load	Size
C:\Program Files (x86)\Microchip\xc8\v1.40\sources\common\awtoft.c
		___awtoft      		CODE           	1EB4	0000	57

C:\Program Files (x86)\Microchip\xc8\v1.40\sources\common\awtoft.c estimated size: 57

C:\Program Files (x86)\Microchip\xc8\v1.40\sources\common\doprnt.c
		_printf        		CODE           	1514	0000	323

C:\Program Files (x86)\Microchip\xc8\v1.40\sources\common\doprnt.c estimated size: 323

start.c
		_ultrasonicFindBottle		CODE           	183E	0000	239
		_resetCounts   		CODE           	1EEC	0000	43
		_sort          		CODE           	1074	0000	863
		_rotate        		CODE           	1C8E	0000	97
		_ADC_Read      		CODE           	1DE4	0000	73

start.c estimated size: 1315

C:\Program Files (x86)\Microchip\xc8\v1.40\sources\common\lwtoft.c
		___lwtoft      		CODE           	1F40	0000	37

C:\Program Files (x86)\Microchip\xc8\v1.40\sources\common\lwtoft.c estimated size: 37

C:\Program Files (x86)\Microchip\xc8\v1.40\sources\common\float.c
		___ftpack      		CODE           	1A12	0000	175

C:\Program Files (x86)\Microchip\xc8\v1.40\sources\common\float.c estimated size: 175

logs.c
		_displayLog    		CODE           	1D96	0000	79
		_showLogMenu   		CODE           	13D2	0000	323

logs.c estimated size: 402

C:\Program Files (x86)\Microchip\xc8\v1.40\sources\common\ftge.c
		___ftge        		CODE           	1BFE	0000	145

C:\Program Files (x86)\Microchip\xc8\v1.40\sources\common\ftge.c estimated size: 145

C:\Program Files (x86)\Microchip\xc8\v1.40\sources\common\lwmod.c
		___lwmod       		CODE           	1E72	0000	67

C:\Program Files (x86)\Microchip\xc8\v1.40\sources\common\lwmod.c estimated size: 67

C:\Program Files (x86)\Microchip\xc8\v1.40\sources\common\ftmul.c
		___ftmul       		CODE           	174A	0000	245

C:\Program Files (x86)\Microchip\xc8\v1.40\sources\common\ftmul.c estimated size: 245

C:\Program Files (x86)\Microchip\xc8\v1.40\sources\common\ftdiv.c
		___ftdiv       		CODE           	192C	0000	231

C:\Program Files (x86)\Microchip\xc8\v1.40\sources\common\ftdiv.c estimated size: 231

shared
		_itemArray     		SMALLCONST     	101C	0000	7
		_dpowers       		SMALLCONST     	1012	0000	11
		_keys          		SMALLCONST     	1001	0000	18
		__initialization		CODE           	1F64	0000	13

shared estimated size: 49

lcd.c
		_putStr        		CODE           	1F16	0000	43
		_putch         		CODE           	1F8A	0000	13
		_lcdInst       		CODE           	1F7E	0000	13
		_lcdNibble     		CODE           	1CEE	0000	87
		_initLCD       		CODE           	1E2C	0000	71

lcd.c estimated size: 227

C:\Program Files (x86)\Microchip\xc8\v1.40\sources\common\fttol.c
		___fttol       		CODE           	1656	0000	245

C:\Program Files (x86)\Microchip\xc8\v1.40\sources\common\fttol.c estimated size: 245

C:\Program Files (x86)\Microchip\xc8\v1.40\sources\common\lwdiv.c
		___lwdiv       		CODE           	1D44	0000	83

C:\Program Files (x86)\Microchip\xc8\v1.40\sources\common\lwdiv.c estimated size: 83

main.c
		_main          		CODE           	1AC0	0000	161
		_keypressed    		CODE           	0008	0000	165

main.c estimated size: 326

