Microchip MPLAB XC8 Compiler V1.40 ()

Linker command line:

-W-3 --edf=C:\Program Files (x86)\Microchip\xc8\v1.40\dat\en_msgs.txt -cs \
  -h+dist/default/production\Robot.X.production.sym \
  --cmf=dist/default/production\Robot.X.production.cmf -z -Q18F4620 \
  -oC:\Users\CINDYL~1\AppData\Local\Temp\s5rs.2 \
  -Mdist/default/production/Robot.X.production.map -E1 -ver=XC8 \
  -ASTACK=01C6h-0f7fh -pstack=STACK -ACODE=00h-0FFFFh -ACONST=00h-0FFFFh \
  -ASMALLCONST=01000h-010FFhx240 -AMEDIUMCONST=01000h-0FFFFh \
  -ACOMRAM=01h-07Fh -AABS1=00h-0F7Fh -ABIGRAM=01h-0F7Fh \
  -ARAM=080h-0FFh,0100h-01FFhx14,0F00h-0F7Fh -ABANK0=080h-0FFh \
  -ABANK1=0100h-01FFh -ABANK2=0200h-02FFh -ABANK3=0300h-03FFh \
  -ABANK4=0400h-04FFh -ABANK5=0500h-05FFh -ABANK6=0600h-06FFh \
  -ABANK7=0700h-07FFh -ABANK8=0800h-08FFh -ABANK9=0900h-09FFh \
  -ABANK10=0A00h-0AFFh -ABANK11=0B00h-0BFFh -ABANK12=0C00h-0CFFh \
  -ABANK13=0D00h-0DFFh -ABANK14=0E00h-0EFFh -ABANK15=0F00h-0F7Fh \
  -ASFR=0F80h-0FFFh -preset_vec=00h,intcode=08h,intcodelo,powerup,init \
  -pramtop=01000h -psmallconst=SMALLCONST -pmediumconst=MEDIUMCONST \
  -pconst=CONST -AFARRAM=00h-00h -ACONFIG=0300000h-030000Dh -pconfig=CONFIG \
  -AIDLOC=0200000h-0200007h -pidloc=IDLOC -AEEDATA=0F00000h-0F003FFh \
  -peeprom_data=EEDATA \
  -prdata=COMRAM,nvrram=COMRAM,nvbit=COMRAM,rbss=COMRAM,rbit=COMRAM \
  -pfarbss=FARRAM,fardata=FARRAM,nvFARRAM=FARRAM \
  -pintsave_regs=BIGRAM,bigbss=BIGRAM,bigdata=BIGRAM -pbss=RAM \
  -pidata=CODE,irdata=CODE,ibigdata=CODE,ifardata=CODE -prparam=COMRAM \
  C:\Users\CINDYL~1\AppData\Local\Temp\s5rs.obj \
  dist/default/production\Robot.X.production.obj 

Object code version is 3.11

Machine type is 18F4620

Call graph: (short form)




                Name                               Link     Load   Length Selector   Space Scale
C:\Users\CINDYL~1\AppData\Local\Temp\s5rs.obj
                init                                  E        E        4        4       0
                reset_vec                             0        0        4        0       0
                idloc                            200000   200000        8   200000       0
                config                           300000   300000        E   300000       0
dist/default/production\Robot.X.production.obj
                intcode                               8        8        6        4       0
                temp                                 7D       7D        1        1       1
                mediumconst                        FE7C     FE7C      184     7F3E       0
                text79                             5E2E     5E2E        6        4       0
                text78                             5ABA     5ABA       40        4       0
                text77                             5A7A     5A7A       40        4       0
                text76                             5708     5708       56        4       0
                text75                             5E02     5E02        C        4       0
                text74                             5970     5970       46        4       0
                text73                             52FC     52FC       90        4       0
                text72                             5D62     5D62       24        4       0
                text71                             5112     5112       AE        4       0
                text70                             3B1E     3B1E      1AC        4       0
                text69                             5A3A     5A3A       40        4       0
                text68                             4B6A     4B6A       F4        4       0
                text67                             5410     5410       82        4       0
                text66                             55E6     55E6       66        4       0
                text65                             56AC     56AC       5C        4       0
                text64                             464C     464C      128        4       0
                text63                             451A     451A      132        4       0
                text62                             538C     538C       84        4       0
                text61                             550E     550E       70        4       0
                text60                             4A76     4A76       F4        4       0
                text59                             5CF4     5CF4       26        4       0
                text58                             38D8     38D8      246        4       0
                text57                             5DA4     5DA4       1E        4       0
                text56                             5DF6     5DF6        C        4       0
                text55                             2FD4     2FD4      3F0        4       0
                text54                             1706     1706      A3E        4       0
                text53                             5D3E     5D3E       24        4       0
                text52                             5B38     5B38       3E        4       0
                text51                             59FA     59FA       40        4       0
                text50                             5AFA     5AFA       3E        4       0
                text49                             5B76     5B76       38        4       0
                text48                             4C5E     4C5E       E6        4       0
                text47                             497E     497E       F8        4       0
                intcode_body                       2144     2144      9E2        4       0
                text45                             5D86     5D86       1E        4       0
                text44                             5056     5056       BC        4       0
                text43                             564C     564C       60        4       0
                text42                             5DC2     5DC2       14        4       0
                text41                             5C48     5C48       2E        4       0
                text40                             5E20     5E20        8        4       0
                text39                             5E18     5E18        8        4       0
                text38                             5E0E     5E0E        A        4       0
                text37                             557E     557E       68        4       0
                text36                             5DE6     5DE6       10        4       0
                text35                             4E10     4E10       C8        4       0
                text34                             5C18     5C18       30        4       0
                text33                             4774     4774      10C        4       0
                text32                             3670     3670      268        4       0
                text31                             5896     5896       4C        4       0
                text30                             429A     429A      144        4       0
                text29                             5262     5262       9A        4       0
                text28                             5492     5492       7C        4       0
                text27                             3E68     3E68      188        4       0
                text26                             3CCA     3CCA      19E        4       0
                text25                             4F98     4F98       BE        4       0
                text24                             51C0     51C0       A2        4       0
                text23                             3FF0     3FF0      15E        4       0
                text22                             5BAE     5BAE       36        4       0
                text21                             33C4     33C4      2AC        4       0
                text20                             5CA2     5CA2       2A        4       0
                text19                             5DD6     5DD6       10        4       0
                text18                             2B26     2B26      4AE        4       0
                text17                               12       12      C68        4       0
                text16                             4880     4880       FE        4       0
                text15                             5CCC     5CCC       28        4       0
                text14                             5E28     5E28        6        4       0
                text13                             57AE     57AE       50        4       0
                text12                             575E     575E       50        4       0
                text11                             4D44     4D44       CC        4       0
                text10                             592A     592A       46        4       0
                text9                              5C76     5C76       2C        4       0
                text8                              5BE4     5BE4       34        4       0
                text7                              584A     584A       4C        4       0
                text6                              58E2     58E2       48        4       0
                text5                              57FE     57FE       4C        4       0
                text4                              59B6     59B6       44        4       0
                text3                              414E     414E      14C        4       0
                text2                              43DE     43DE      13C        4       0
                text1                               C7A      C7A      A8C        4       0
                text0                              4ED8     4ED8       C0        4       0
                cstackCOMRAM                          1        1       7A        1       1
                cstackBANK0                          80       80       47       80       1
                cstackBANK1                         100      100       B3      100       1
                bssBANK1                            1B3      1B3       13      100       1
                bssBANK0                             C7       C7        2       80       1
                bssCOMRAM                            7B       7B        2        1       1
                cinit                              5D1A     5D1A       24        4       0

TOTAL           Name                               Link     Load   Length     Space
        CLASS   STACK          

        CLASS   CODE           
                intcode                               8        8        6         0
                init                                  E        E        4         0
                reset_vec                             0        0        4         0
                text79                             5E2E     5E2E        6         0
                text78                             5ABA     5ABA       40         0
                text77                             5A7A     5A7A       40         0
                text76                             5708     5708       56         0
                text75                             5E02     5E02        C         0
                text74                             5970     5970       46         0
                text73                             52FC     52FC       90         0
                text72                             5D62     5D62       24         0
                text71                             5112     5112       AE         0
                text70                             3B1E     3B1E      1AC         0
                text69                             5A3A     5A3A       40         0
                text68                             4B6A     4B6A       F4         0
                text67                             5410     5410       82         0
                text66                             55E6     55E6       66         0
                text65                             56AC     56AC       5C         0
                text64                             464C     464C      128         0
                text63                             451A     451A      132         0
                text62                             538C     538C       84         0
                text61                             550E     550E       70         0
                text60                             4A76     4A76       F4         0
                text59                             5CF4     5CF4       26         0
                text58                             38D8     38D8      246         0
                text57                             5DA4     5DA4       1E         0
                text56                             5DF6     5DF6        C         0
                text55                             2FD4     2FD4      3F0         0
                text54                             1706     1706      A3E         0
                text53                             5D3E     5D3E       24         0
                text52                             5B38     5B38       3E         0
                text51                             59FA     59FA       40         0
                text50                             5AFA     5AFA       3E         0
                text49                             5B76     5B76       38         0
                text48                             4C5E     4C5E       E6         0
                text47                             497E     497E       F8         0
                intcode_body                       2144     2144      9E2         0
                text45                             5D86     5D86       1E         0
                text44                             5056     5056       BC         0
                text43                             564C     564C       60         0
                text42                             5DC2     5DC2       14         0
                text41                             5C48     5C48       2E         0
                text40                             5E20     5E20        8         0
                text39                             5E18     5E18        8         0
                text38                             5E0E     5E0E        A         0
                text37                             557E     557E       68         0
                text36                             5DE6     5DE6       10         0
                text35                             4E10     4E10       C8         0
                text34                             5C18     5C18       30         0
                text33                             4774     4774      10C         0
                text32                             3670     3670      268         0
                text31                             5896     5896       4C         0
                text30                             429A     429A      144         0
                text29                             5262     5262       9A         0
                text28                             5492     5492       7C         0
                text27                             3E68     3E68      188         0
                text26                             3CCA     3CCA      19E         0
                text25                             4F98     4F98       BE         0
                text24                             51C0     51C0       A2         0
                text23                             3FF0     3FF0      15E         0
                text22                             5BAE     5BAE       36         0
                text21                             33C4     33C4      2AC         0
                text20                             5CA2     5CA2       2A         0
                text19                             5DD6     5DD6       10         0
                text18                             2B26     2B26      4AE         0
                text17                               12       12      C68         0
                text16                             4880     4880       FE         0
                text15                             5CCC     5CCC       28         0
                text14                             5E28     5E28        6         0
                text13                             57AE     57AE       50         0
                text12                             575E     575E       50         0
                text11                             4D44     4D44       CC         0
                text10                             592A     592A       46         0
                text9                              5C76     5C76       2C         0
                text8                              5BE4     5BE4       34         0
                text7                              584A     584A       4C         0
                text6                              58E2     58E2       48         0
                text5                              57FE     57FE       4C         0
                text4                              59B6     59B6       44         0
                text3                              414E     414E      14C         0
                text2                              43DE     43DE      13C         0
                text1                               C7A      C7A      A8C         0
                text0                              4ED8     4ED8       C0         0
                cinit                              5D1A     5D1A       24         0

        CLASS   CONST          

        CLASS   SMALLCONST     

        CLASS   MEDIUMCONST    
                mediumconst                        FE7C     FE7C      184         0

        CLASS   COMRAM         
                temp                                 7D       7D        1         1
                cstackCOMRAM                          1        1       7A         1
                bssCOMRAM                            7B       7B        2         1

        CLASS   ABS1           

        CLASS   BIGRAM         

        CLASS   RAM            

        CLASS   BANK0          
                cstackBANK0                          80       80       47         1
                bssBANK0                             C7       C7        2         1

        CLASS   BANK1          
                cstackBANK1                         100      100       B3         1
                bssBANK1                            1B3      1B3       13         1

        CLASS   BANK2          

        CLASS   BANK3          

        CLASS   BANK4          

        CLASS   BANK5          

        CLASS   BANK6          

        CLASS   BANK7          

        CLASS   BANK8          

        CLASS   BANK9          

        CLASS   BANK10         

        CLASS   BANK11         

        CLASS   BANK12         

        CLASS   BANK13         

        CLASS   BANK14         

        CLASS   BANK15         

        CLASS   SFR            

        CLASS   FARRAM         

        CLASS   CONFIG         
                config                           300000   300000        E         0

        CLASS   IDLOC          
                idloc                            200000   200000        8         0

        CLASS   EEDATA         



SEGMENTS        Name                           Load    Length   Top    Selector   Space  Class

                reset_vec                      000000  000004  000004         0       0  CODE    
                cstackCOMRAM                   000001  00007D  00007E         1       1  COMRAM  
                intcode                        000008  005E2C  005E34         4       0  CODE    
                cstackBANK0                    000080  000049  0000C9        80       1  BANK0   
                cstackBANK1                    000100  0000C6  0001C6       100       1  BANK1   
                mediumconst                    00FE7C  000184  010000      7F3E       0  MEDIUMCO
                idloc                          200000  000008  200008    200000       0  IDLOC   
                config                         300000  00000E  30000E    300000       0  CONFIG  


UNUSED ADDRESS RANGES

        Name                Unused          Largest block    Delta
        BANK0            0000C9-0000FF               37
        BANK1            0001C6-0001FF               3A
        BANK10           000A00-000AFF              100
        BANK11           000B00-000BFF              100
        BANK12           000C00-000CFF              100
        BANK13           000D00-000DFF              100
        BANK14           000E00-000EFF              100
        BANK15           000F00-000F7F               80
        BANK2            000200-0002FF              100
        BANK3            000300-0003FF              100
        BANK4            000400-0004FF              100
        BANK5            000500-0005FF              100
        BANK6            000600-0006FF              100
        BANK7            000700-0007FF              100
        BANK8            000800-0008FF              100
        BANK9            000900-0009FF              100
        BIGRAM           00007E-00007F                2
                         0000C9-0000FF               37
                         0001C6-000F7F              DBA
        CODE             000004-000007                4
                         005E34-00FE7B             A048
        COMRAM           00007E-00007F                2
        CONST            000004-000007                4
                         005E34-00FE7B             A048
        EEDATA           F00000-F003FF              400
        MEDIUMCONST      005E34-00FE7B             A048
        RAM              0000C9-0000FF               37
                         0001C6-000F7F              100
        SFR              000F80-000FFF               80
        SMALLCONST       005E34-00FE7B              100
        STACK            0001C6-000F7F              DBA

                                  Symbol Table

?_Eeprom_ReadByte                cstackBANK0  0000B7
?___awdiv                        cstackBANK0  0000BD
?___awmod                        cstackBANK0  0000B7
?___awtoft                       cstackBANK1  000100
?___ftadd                        cstackBANK1  00011D
?___ftdiv                        cstackBANK1  000103
?___ftmul                        cstackBANK1  000104
?___ftneg                        cstackBANK0  0000B7
?___ftpack                       cstackBANK0  0000B7
?___ftsub                        cstackBANK1  000129
?___fttol                        cstackBANK1  00011A
?___lldiv                        cstackBANK0  0000B7
?___llmod                        cstackBANK1  000100
?___lltoft                       cstackBANK0  0000BF
?___wmul                         cstackBANK1  000100
?__div_to_l_                     cstackBANK0  0000B7
?__tdiv_to_l_                    cstackBANK0  0000B7
?_fround                         cstackBANK1  000113
?_printf                         cstackBANK1  00012F
?_scale                          cstackBANK1  000113
?_ultrasonicFindBottle           cstackBANK1  000129
?i2___awdiv                      cstackCOMRAM 000007
?i2___awmod                      cstackCOMRAM 000001
?i2___awtoft                     cstackCOMRAM 00000F
?i2___ftadd                      cstackCOMRAM 00002E
?i2___ftdiv                      cstackCOMRAM 000013
?i2___ftmul                      cstackCOMRAM 000015
?i2___ftneg                      cstackCOMRAM 000001
?i2___ftpack                     cstackCOMRAM 000001
?i2___ftsub                      cstackCOMRAM 00003A
?i2___fttol                      cstackCOMRAM 000024
?i2___lldiv                      cstackCOMRAM 000001
?i2___llmod                      cstackCOMRAM 00000E
?i2___lltoft                     cstackCOMRAM 000009
?i2___wmul                       cstackCOMRAM 00000F
?i2__div_to_l_                   cstackCOMRAM 000001
?i2__tdiv_to_l_                  cstackCOMRAM 000001
?i2_fround                       cstackCOMRAM 000024
?i2_printf                       cstackCOMRAM 000040
?i2_scale                        cstackCOMRAM 000024
?i2_ultrasonicFindBottle         cstackCOMRAM 000033
Eeprom_ReadByte@address          cstackBANK0  0000B7
Eeprom_WriteByte@address         cstackBANK0  0000B7
Eeprom_WriteByte@data            cstackBANK0  0000B9
I2C_Master_Init@c                cstackBANK1  000100
I2C_Master_Read@a                cstackBANK0  0000B8
I2C_Master_Read@temp             cstackBANK0  0000B9
I2C_Master_Write@d               cstackBANK0  0000B8
_ACKDT                           (abs)        007E2D
_ACKEN                           (abs)        007E2C
_ADCON0                          (abs)        000FC2
_ADCON0bits                      (abs)        000FC2
_ADCON1                          (abs)        000FC1
_ADON                            (abs)        007E10
_ADRESH                          (abs)        000FC4
_EEADR                           (abs)        000FA9
_EEADRH                          (abs)        000FAA
_EECON1bits                      (abs)        000FA6
_EECON2                          (abs)        000FA7
_EEDATA                          (abs)        000FA8
_Eeprom_ReadByte                 text45       005D86
_Eeprom_WriteByte                text15       005CCC
_I2C_Master_Init                 text43       00564C
_I2C_Master_Read                 text41       005C48
_I2C_Master_Start                text40       005E20
_I2C_Master_Stop                 text39       005E18
_I2C_Master_Wait                 text42       005DC2
_I2C_Master_Write                text38       005E0E
_INT1IE                          (abs)        007F83
_INT1IF                          (abs)        007F80
_INTCONbits                      (abs)        000FF2
_LATCbits                        (abs)        000F8B
_LATD                            (abs)        000F8C
_LATDbits                        (abs)        000F8C
_LATEbits                        (abs)        000F8D
_PEN                             (abs)        007E2A
_PIR2bits                        (abs)        000FA1
_PORTB                           (abs)        000F81
_PORTBbits                       (abs)        000F81
_PORTEbits                       (abs)        000F84
_RCEN                            (abs)        007E2B
_RSEN                            (abs)        007E29
_SEN                             (abs)        007E28
_SSPADD                          (abs)        000FC8
_SSPBUF                          (abs)        000FC9
_SSPCON1                         (abs)        000FC6
_SSPCON2                         (abs)        000FC5
_SSPSTAT                         (abs)        000FC7
_T0CON                           (abs)        000FD5
_T1CON                           (abs)        000FCD
_TMR0H                           (abs)        000FD7
_TMR0IE                          (abs)        007F95
_TMR0IF                          (abs)        007F92
_TMR0L                           (abs)        000FD6
_TMR0ON                          (abs)        007EAF
_TMR1H                           (abs)        000FCF
_TMR1L                           (abs)        000FCE
_TMR1ON                          (abs)        007E68
_TRISA                           (abs)        000F92
_TRISB                           (abs)        000F93
_TRISC                           (abs)        000F94
_TRISC3                          (abs)        007CA3
_TRISC4                          (abs)        007CA4
_TRISD                           (abs)        000F95
_TRISE                           (abs)        000F96
__CFG_BOREN$SBORDIS              (abs)        000000
__CFG_BORV$3                     (abs)        000000
__CFG_CCP2MX$PORTC               (abs)        000000
__CFG_CP0$OFF                    (abs)        000000
__CFG_CP1$OFF                    (abs)        000000
__CFG_CP2$OFF                    (abs)        000000
__CFG_CP3$OFF                    (abs)        000000
__CFG_CPB$OFF                    (abs)        000000
__CFG_CPD$OFF                    (abs)        000000
__CFG_EBTR0$OFF                  (abs)        000000
__CFG_EBTR1$OFF                  (abs)        000000
__CFG_EBTR2$OFF                  (abs)        000000
__CFG_EBTR3$OFF                  (abs)        000000
__CFG_EBTRB$OFF                  (abs)        000000
__CFG_FCMEN$OFF                  (abs)        000000
__CFG_IESO$OFF                   (abs)        000000
__CFG_LPT1OSC$OFF                (abs)        000000
__CFG_LVP$OFF                    (abs)        000000
__CFG_MCLRE$ON                   (abs)        000000
__CFG_OSC$HS                     (abs)        000000
__CFG_PBADEN$ON                  (abs)        000000
__CFG_PWRT$OFF                   (abs)        000000
__CFG_STVREN$ON                  (abs)        000000
__CFG_WDT$OFF                    (abs)        000000
__CFG_WDTPS$32768                (abs)        000000
__CFG_WRT0$OFF                   (abs)        000000
__CFG_WRT1$OFF                   (abs)        000000
__CFG_WRT2$OFF                   (abs)        000000
__CFG_WRT3$OFF                   (abs)        000000
__CFG_WRTB$OFF                   (abs)        000000
__CFG_WRTC$OFF                   (abs)        000000
__CFG_WRTD$OFF                   (abs)        000000
__CFG_XINST$OFF                  (abs)        000000
__HRAM                           (abs)        000000
__Habs1                          abs1         000000
__Hbank0                         bank0        000000
__Hbank1                         bank1        000000
__Hbank10                        bank10       000000
__Hbank11                        bank11       000000
__Hbank12                        bank12       000000
__Hbank13                        bank13       000000
__Hbank14                        bank14       000000
__Hbank15                        bank15       000000
__Hbank2                         bank2        000000
__Hbank3                         bank3        000000
__Hbank4                         bank4        000000
__Hbank5                         bank5        000000
__Hbank6                         bank6        000000
__Hbank7                         bank7        000000
__Hbank8                         bank8        000000
__Hbank9                         bank9        000000
__Hbigbss                        bigbss       000000
__Hbigdata                       bigdata      000000
__Hbigram                        bigram       000000
__Hbss                           bss          000000
__HbssBANK0                      bssBANK0     000000
__HbssBANK1                      bssBANK1     000000
__HbssCOMRAM                     bssCOMRAM    000000
__Hcinit                         cinit        000000
__Hclrtext                       clrtext      000000
__Hcomram                        comram       000000
__Hconfig                        config       30000E
__Hconst                         const        000000
__HcstackBANK0                   cstackBANK0  000000
__HcstackBANK1                   cstackBANK1  000000
__HcstackCOMRAM                  cstackCOMRAM 000000
__Hdata                          data         000000
__Heeprom_data                   eeprom_data  000000
__Hfarbss                        farbss       000000
__Hfardata                       fardata      000000
__Hibigdata                      ibigdata     000000
__Hidata                         idata        000000
__Hidloc                         idloc        200008
__Hifardata                      ifardata     000000
__Hinit                          init         000012
__Hintcode                       intcode      00000E
__Hintcode_body                  intcode_body 000000
__Hintcodelo                     intcodelo    00000E
__Hintentry                      intentry     000000
__Hintret                        intret       000000
__Hintsave_regs                  intsave_regs 000000
__Hirdata                        irdata       000000
__Hmediumconst                   mediumconst  010000
__HnvFARRAM                      nvFARRAM     000000
__Hnvbit                         nvbit        000000
__Hnvrram                        nvrram       000000
__Hparam                         rparam       000000
__Hpowerup                       powerup      00000E
__Hram                           ram          000000
__Hramtop                        ramtop       001000
__Hrbit                          rbit         000000
__Hrbss                          rbss         000000
__Hrdata                         rdata        000000
__Hreset_vec                     reset_vec    000004
__Hrparam                        rparam       000000
__Hsfr                           sfr          000000
__Hsmallconst                    smallconst   000000
__Hspace_0                       (abs)        30000E
__Hspace_1                       (abs)        0001C6
__Hspace_2                       (abs)        000000
__Hstack                         stack        000000
__Hstruct                        struct       000000
__Htemp                          temp         00007E
__Htext                          text         000000
__Htext0                         text0        000000
__Htext1                         text1        000000
__Htext10                        text10       000000
__Htext11                        text11       000000
__Htext12                        text12       000000
__Htext13                        text13       000000
__Htext14                        text14       000000
__Htext15                        text15       000000
__Htext16                        text16       000000
__Htext17                        text17       000000
__Htext18                        text18       000000
__Htext19                        text19       000000
__Htext2                         text2        000000
__Htext20                        text20       000000
__Htext21                        text21       000000
__Htext22                        text22       000000
__Htext23                        text23       000000
__Htext24                        text24       000000
__Htext25                        text25       000000
__Htext26                        text26       000000
__Htext27                        text27       000000
__Htext28                        text28       000000
__Htext29                        text29       000000
__Htext3                         text3        000000
__Htext30                        text30       000000
__Htext31                        text31       000000
__Htext32                        text32       000000
__Htext33                        text33       000000
__Htext34                        text34       000000
__Htext35                        text35       000000
__Htext36                        text36       000000
__Htext37                        text37       000000
__Htext38                        text38       000000
__Htext39                        text39       000000
__Htext4                         text4        000000
__Htext40                        text40       000000
__Htext41                        text41       000000
__Htext42                        text42       000000
__Htext43                        text43       000000
__Htext44                        text44       000000
__Htext45                        text45       000000
__Htext47                        text47       000000
__Htext48                        text48       000000
__Htext49                        text49       000000
__Htext5                         text5        000000
__Htext50                        text50       000000
__Htext51                        text51       000000
__Htext52                        text52       000000
__Htext53                        text53       000000
__Htext54                        text54       000000
__Htext55                        text55       000000
__Htext56                        text56       000000
__Htext57                        text57       000000
__Htext58                        text58       000000
__Htext59                        text59       000000
__Htext6                         text6        000000
__Htext60                        text60       000000
__Htext61                        text61       000000
__Htext62                        text62       000000
__Htext63                        text63       000000
__Htext64                        text64       000000
__Htext65                        text65       000000
__Htext66                        text66       000000
__Htext67                        text67       000000
__Htext68                        text68       000000
__Htext69                        text69       000000
__Htext7                         text7        000000
__Htext70                        text70       000000
__Htext71                        text71       000000
__Htext72                        text72       000000
__Htext73                        text73       000000
__Htext74                        text74       000000
__Htext75                        text75       000000
__Htext76                        text76       000000
__Htext77                        text77       000000
__Htext78                        text78       000000
__Htext79                        text79       000000
__Htext8                         text8        000000
__Htext9                         text9        000000
__LRAM                           (abs)        000001
__Labs1                          abs1         000000
__Lbank0                         bank0        000000
__Lbank1                         bank1        000000
__Lbank10                        bank10       000000
__Lbank11                        bank11       000000
__Lbank12                        bank12       000000
__Lbank13                        bank13       000000
__Lbank14                        bank14       000000
__Lbank15                        bank15       000000
__Lbank2                         bank2        000000
__Lbank3                         bank3        000000
__Lbank4                         bank4        000000
__Lbank5                         bank5        000000
__Lbank6                         bank6        000000
__Lbank7                         bank7        000000
__Lbank8                         bank8        000000
__Lbank9                         bank9        000000
__Lbigbss                        bigbss       000000
__Lbigdata                       bigdata      000000
__Lbigram                        bigram       000000
__Lbss                           bss          000000
__LbssBANK0                      bssBANK0     000000
__LbssBANK1                      bssBANK1     000000
__LbssCOMRAM                     bssCOMRAM    000000
__Lcinit                         cinit        000000
__Lclrtext                       clrtext      000000
__Lcomram                        comram       000000
__Lconfig                        config       300000
__Lconst                         const        000000
__LcstackBANK0                   cstackBANK0  000000
__LcstackBANK1                   cstackBANK1  000000
__LcstackCOMRAM                  cstackCOMRAM 000000
__Ldata                          data         000000
__Leeprom_data                   eeprom_data  000000
__Lfarbss                        farbss       000000
__Lfardata                       fardata      000000
__Libigdata                      ibigdata     000000
__Lidata                         idata        000000
__Lidloc                         idloc        200000
__Lifardata                      ifardata     000000
__Linit                          init         00000E
__Lintcode                       intcode      000008
__Lintcode_body                  intcode_body 000000
__Lintcodelo                     intcodelo    00000E
__Lintentry                      intentry     000000
__Lintret                        intret       000000
__Lintsave_regs                  intsave_regs 000000
__Lirdata                        irdata       000000
__Lmediumconst                   mediumconst  00FE7C
__LnvFARRAM                      nvFARRAM     000000
__Lnvbit                         nvbit        000000
__Lnvrram                        nvrram       000000
__Lparam                         rparam       000000
__Lpowerup                       powerup      00000E
__Lram                           ram          000000
__Lramtop                        ramtop       001000
__Lrbit                          rbit         000000
__Lrbss                          rbss         000000
__Lrdata                         rdata        000000
__Lreset_vec                     reset_vec    000000
__Lrparam                        rparam       000000
__Lsfr                           sfr          000000
__Lsmallconst                    smallconst   000000
__Lspace_0                       (abs)        000000
__Lspace_1                       (abs)        000000
__Lspace_2                       (abs)        000000
__Lstack                         stack        000000
__Lstruct                        struct       000000
__Ltemp                          temp         00007D
__Ltext                          text         000000
__Ltext0                         text0        000000
__Ltext1                         text1        000000
__Ltext10                        text10       000000
__Ltext11                        text11       000000
__Ltext12                        text12       000000
__Ltext13                        text13       000000
__Ltext14                        text14       000000
__Ltext15                        text15       000000
__Ltext16                        text16       000000
__Ltext17                        text17       000000
__Ltext18                        text18       000000
__Ltext19                        text19       000000
__Ltext2                         text2        000000
__Ltext20                        text20       000000
__Ltext21                        text21       000000
__Ltext22                        text22       000000
__Ltext23                        text23       000000
__Ltext24                        text24       000000
__Ltext25                        text25       000000
__Ltext26                        text26       000000
__Ltext27                        text27       000000
__Ltext28                        text28       000000
__Ltext29                        text29       000000
__Ltext3                         text3        000000
__Ltext30                        text30       000000
__Ltext31                        text31       000000
__Ltext32                        text32       000000
__Ltext33                        text33       000000
__Ltext34                        text34       000000
__Ltext35                        text35       000000
__Ltext36                        text36       000000
__Ltext37                        text37       000000
__Ltext38                        text38       000000
__Ltext39                        text39       000000
__Ltext4                         text4        000000
__Ltext40                        text40       000000
__Ltext41                        text41       000000
__Ltext42                        text42       000000
__Ltext43                        text43       000000
__Ltext44                        text44       000000
__Ltext45                        text45       000000
__Ltext47                        text47       000000
__Ltext48                        text48       000000
__Ltext49                        text49       000000
__Ltext5                         text5        000000
__Ltext50                        text50       000000
__Ltext51                        text51       000000
__Ltext52                        text52       000000
__Ltext53                        text53       000000
__Ltext54                        text54       000000
__Ltext55                        text55       000000
__Ltext56                        text56       000000
__Ltext57                        text57       000000
__Ltext58                        text58       000000
__Ltext59                        text59       000000
__Ltext6                         text6        000000
__Ltext60                        text60       000000
__Ltext61                        text61       000000
__Ltext62                        text62       000000
__Ltext63                        text63       000000
__Ltext64                        text64       000000
__Ltext65                        text65       000000
__Ltext66                        text66       000000
__Ltext67                        text67       000000
__Ltext68                        text68       000000
__Ltext69                        text69       000000
__Ltext7                         text7        000000
__Ltext70                        text70       000000
__Ltext71                        text71       000000
__Ltext72                        text72       000000
__Ltext73                        text73       000000
__Ltext74                        text74       000000
__Ltext75                        text75       000000
__Ltext76                        text76       000000
__Ltext77                        text77       000000
__Ltext78                        text78       000000
__Ltext79                        text79       000000
__Ltext8                         text8        000000
__Ltext9                         text9        000000
__S0                             (abs)        30000E
__S1                             (abs)        0001C6
__S2                             (abs)        000000
___awdiv                         text25       004F98
___awdiv@counter                 cstackBANK0  0000C1
___awdiv@dividend                cstackBANK0  0000BD
___awdiv@divisor                 cstackBANK0  0000BF
___awdiv@quotient                cstackBANK0  0000C3
___awdiv@sign                    cstackBANK0  0000C2
___awmod                         text24       0051C0
___awmod@counter                 cstackBANK0  0000BB
___awmod@dividend                cstackBANK0  0000B7
___awmod@divisor                 cstackBANK0  0000B9
___awmod@sign                    cstackBANK0  0000BC
___awtoft                        text4        0059B6
___awtoft@c                      cstackBANK1  000100
___awtoft@sign                   cstackBANK0  0000C5
___ftadd                         text32       003670
___ftadd@exp1                    cstackBANK1  000128
___ftadd@exp2                    cstackBANK1  000127
___ftadd@f1                      cstackBANK1  00011D
___ftadd@f2                      cstackBANK1  000120
___ftadd@sign                    cstackBANK1  000126
___ftdiv                         text3        00414E
___ftdiv@cntr                    cstackBANK1  00010C
___ftdiv@exp                     cstackBANK1  000110
___ftdiv@f1                      cstackBANK1  000103
___ftdiv@f2                      cstackBANK1  000106
___ftdiv@f3                      cstackBANK1  00010D
___ftdiv@sign                    cstackBANK1  000111
___ftge                          text35       004E10
___ftge@ff1                      cstackBANK0  0000B7
___ftge@ff2                      cstackBANK0  0000BA
___ftmul                         text23       003FF0
___ftmul@cntr                    cstackBANK1  000111
___ftmul@exp                     cstackBANK1  00010D
___ftmul@f1                      cstackBANK1  000104
___ftmul@f2                      cstackBANK1  000107
___ftmul@f3_as_product           cstackBANK1  00010E
___ftmul@sign                    cstackBANK1  000112
___ftneg                         text34       005C18
___ftneg@f1                      cstackBANK0  0000B7
___ftpack                        text33       004774
___ftpack@arg                    cstackBANK0  0000B7
___ftpack@exp                    cstackBANK0  0000BA
___ftpack@sign                   cstackBANK0  0000BB
___ftsub                         text31       005896
___ftsub@f1                      cstackBANK1  000129
___ftsub@f2                      cstackBANK1  00012C
___fttol                         text30       00429A
___fttol@exp1                    cstackBANK1  000128
___fttol@f1                      cstackBANK1  00011A
___fttol@lval                    cstackBANK1  000124
___fttol@sign1                   cstackBANK1  000123
___inthi_sp                      stack        000000
___intlo_sp                      stack        000000
___lldiv                         text44       005056
___lldiv@counter                 cstackBANK0  0000C3
___lldiv@dividend                cstackBANK0  0000B7
___lldiv@divisor                 cstackBANK0  0000BB
___lldiv@quotient                cstackBANK0  0000BF
___llmod                         text29       005262
___llmod@counter                 cstackBANK0  0000C4
___llmod@dividend                cstackBANK1  000100
___llmod@divisor                 cstackBANK1  000104
___lltoft                        text28       005492
___lltoft@c                      cstackBANK0  0000BF
___lltoft@exp                    cstackBANK1  000100
___param_bank                    (abs)        000000
___rparam_used                   (abs)        000001
___sp                            stack        000000
___wmul                          text22       005BAE
___wmul@multiplicand             cstackBANK1  000102
___wmul@multiplier               cstackBANK1  000100
___wmul@product                  cstackBANK0  0000C5
__accesstop                      (abs)        000080
__activetblptr                   (abs)        000002
__div_to_l_                      text27       003E68
__div_to_l_@cntr                 cstackBANK0  0000C1
__div_to_l_@exp1                 cstackBANK0  0000C2
__div_to_l_@f1                   cstackBANK0  0000B7
__div_to_l_@f2                   cstackBANK0  0000BA
__div_to_l_@quot                 cstackBANK0  0000BD
__end_of_Eeprom_ReadByte         text45       005DA4
__end_of_Eeprom_WriteByte        text15       005CF4
__end_of_I2C_Master_Init         text43       0056AC
__end_of_I2C_Master_Read         text41       005C76
__end_of_I2C_Master_Start        text40       005E28
__end_of_I2C_Master_Stop         text39       005E20
__end_of_I2C_Master_Wait         text42       005DD6
__end_of_I2C_Master_Write        text38       005E18
__end_of___awdiv                 text25       005056
__end_of___awmod                 text24       005262
__end_of___awtoft                text4        0059FA
__end_of___ftadd                 text32       0038D8
__end_of___ftdiv                 text3        00429A
__end_of___ftge                  text35       004ED8
__end_of___ftmul                 text23       00414E
__end_of___ftneg                 text34       005C48
__end_of___ftpack                text33       004880
__end_of___ftsub                 text31       0058E2
__end_of___fttol                 text30       0043DE
__end_of___lldiv                 text44       005112
__end_of___llmod                 text29       0052FC
__end_of___lltoft                text28       00550E
__end_of___wmul                  text22       005BE4
__end_of__div_to_l_              text27       003FF0
__end_of__initialization         cinit        005D30
__end_of__npowers_               mediumconst  00FECC
__end_of__powers_                mediumconst  00FEF3
__end_of__tdiv_to_l_             text26       003E68
__end_of_dc_forward              text13       0057FE
__end_of_dc_reverse              text12       0057AE
__end_of_dc_stop                 text14       005E2E
__end_of_displayLog              text11       004E10
__end_of_dpowers                 mediumconst  00FEA5
__end_of_fround                  text21       003670
__end_of_happynewyear            mediumconst  00FF2B
__end_of_hexpowers               mediumconst  00FF13
__end_of_initLCD                 text10       005970
__end_of_isdigit                 text20       005CCC
__end_of_itemArray               mediumconst  00FF31
__end_of_keypressed              intcode_body 002B26
__end_of_keys                    mediumconst  00FF24
__end_of_lcdInst                 text36       005DF6
__end_of_lcdNibble               text37       0055E6
__end_of_main                    text0        004F98
__end_of_printRTC                text16       00497E
__end_of_printf                  text17       000C7A
__end_of_putch                   text19       005DE6
__end_of_readADC                 text9        005CA2
__end_of_resetCounts             text8        005C18
__end_of_rotate180               text7        005896
__end_of_rotate270               text6        00592A
__end_of_rotate90                text5        00584A
__end_of_scale                   text18       002FD4
__end_of_sort                    text1        001706
__end_of_ultrasonicFindBottle    text2        00451A
__end_ofi2___awdiv               text62       005410
__end_ofi2___awmod               text61       00557E
__end_ofi2___awtoft              text49       005BAE
__end_ofi2___ftadd               text70       003CCA
__end_ofi2___ftdiv               text48       004D44
__end_ofi2___ftge                text73       00538C
__end_ofi2___ftmul               text60       004B6A
__end_ofi2___ftneg               text72       005D86
__end_ofi2___ftpack              text71       0051C0
__end_ofi2___ftsub               text69       005A7A
__end_ofi2___fttol               text68       004C5E
__end_ofi2___lldiv               text67       005492
__end_ofi2___llmod               text66       00564C
__end_ofi2___lltoft              text65       005708
__end_ofi2___wmul                text59       005D1A
__end_ofi2__div_to_l_            text64       004774
__end_ofi2__tdiv_to_l_           text63       00464C
__end_ofi2_dc_forward            text78       005AFA
__end_ofi2_dc_reverse            text77       005ABA
__end_ofi2_dc_stop               text79       005E34
__end_ofi2_fround                text58       003B1E
__end_ofi2_initLCD               text74       0059B6
__end_ofi2_isdigit               text57       005DC2
__end_ofi2_lcdInst               text75       005E0E
__end_ofi2_lcdNibble             text76       00575E
__end_ofi2_printf                text54       002144
__end_ofi2_putch                 text56       005E02
__end_ofi2_readADC               text53       005D62
__end_ofi2_rotate180             text52       005B76
__end_ofi2_rotate270             text51       005A3A
__end_ofi2_rotate90              text50       005B38
__end_ofi2_scale                 text55       0033C4
__end_ofi2_ultrasonicFindBottle  text47       004A76
__initialization                 cinit        005D1A
__mediumconst                    mediumconst  00FE7C
__npowers_                       mediumconst  00FEA5
__pbssBANK0                      bssBANK0     0000C7
__pbssBANK1                      bssBANK1     0001B3
__pbssCOMRAM                     bssCOMRAM    00007B
__pcinit                         cinit        005D1A
__pcstackBANK0                   cstackBANK0  000080
__pcstackBANK1                   cstackBANK1  000100
__pcstackCOMRAM                  cstackCOMRAM 000001
__pintcode                       intcode      000008
__pintcode_body                  intcode_body 002144
__pmediumconst                   mediumconst  00FE7C
__powers_                        mediumconst  00FECC
__ptext0                         text0        004ED8
__ptext1                         text1        000C7A
__ptext10                        text10       00592A
__ptext11                        text11       004D44
__ptext12                        text12       00575E
__ptext13                        text13       0057AE
__ptext14                        text14       005E28
__ptext15                        text15       005CCC
__ptext16                        text16       004880
__ptext17                        text17       000012
__ptext18                        text18       002B26
__ptext19                        text19       005DD6
__ptext2                         text2        0043DE
__ptext20                        text20       005CA2
__ptext21                        text21       0033C4
__ptext22                        text22       005BAE
__ptext23                        text23       003FF0
__ptext24                        text24       0051C0
__ptext25                        text25       004F98
__ptext26                        text26       003CCA
__ptext27                        text27       003E68
__ptext28                        text28       005492
__ptext29                        text29       005262
__ptext3                         text3        00414E
__ptext30                        text30       00429A
__ptext31                        text31       005896
__ptext32                        text32       003670
__ptext33                        text33       004774
__ptext34                        text34       005C18
__ptext35                        text35       004E10
__ptext36                        text36       005DE6
__ptext37                        text37       00557E
__ptext38                        text38       005E0E
__ptext39                        text39       005E18
__ptext4                         text4        0059B6
__ptext40                        text40       005E20
__ptext41                        text41       005C48
__ptext42                        text42       005DC2
__ptext43                        text43       00564C
__ptext44                        text44       005056
__ptext45                        text45       005D86
__ptext47                        text47       00497E
__ptext48                        text48       004C5E
__ptext49                        text49       005B76
__ptext5                         text5        0057FE
__ptext50                        text50       005AFA
__ptext51                        text51       0059FA
__ptext52                        text52       005B38
__ptext53                        text53       005D3E
__ptext54                        text54       001706
__ptext55                        text55       002FD4
__ptext56                        text56       005DF6
__ptext57                        text57       005DA4
__ptext58                        text58       0038D8
__ptext59                        text59       005CF4
__ptext6                         text6        0058E2
__ptext60                        text60       004A76
__ptext61                        text61       00550E
__ptext62                        text62       00538C
__ptext63                        text63       00451A
__ptext64                        text64       00464C
__ptext65                        text65       0056AC
__ptext66                        text66       0055E6
__ptext67                        text67       005410
__ptext68                        text68       004B6A
__ptext69                        text69       005A3A
__ptext7                         text7        00584A
__ptext70                        text70       003B1E
__ptext71                        text71       005112
__ptext72                        text72       005D62
__ptext73                        text73       0052FC
__ptext74                        text74       005970
__ptext75                        text75       005E02
__ptext76                        text76       005708
__ptext77                        text77       005A7A
__ptext78                        text78       005ABA
__ptext79                        text79       005E2E
__ptext8                         text8        005BE4
__ptext9                         text9        005C76
__ramtop                         ramtop       001000
__size_of_Eeprom_ReadByte        (abs)        000000
__size_of_Eeprom_WriteByte       (abs)        000000
__size_of_I2C_Master_Init        (abs)        000000
__size_of_I2C_Master_Read        (abs)        000000
__size_of_I2C_Master_Start       (abs)        000000
__size_of_I2C_Master_Stop        (abs)        000000
__size_of_I2C_Master_Wait        (abs)        000000
__size_of_I2C_Master_Write       (abs)        000000
__size_of___awdiv                (abs)        000000
__size_of___awmod                (abs)        000000
__size_of___awtoft               (abs)        000000
__size_of___ftadd                (abs)        000000
__size_of___ftdiv                (abs)        000000
__size_of___ftge                 (abs)        000000
__size_of___ftmul                (abs)        000000
__size_of___ftneg                (abs)        000000
__size_of___ftpack               (abs)        000000
__size_of___ftsub                (abs)        000000
__size_of___fttol                (abs)        000000
__size_of___lldiv                (abs)        000000
__size_of___llmod                (abs)        000000
__size_of___lltoft               (abs)        000000
__size_of___wmul                 (abs)        000000
__size_of__div_to_l_             (abs)        000000
__size_of__tdiv_to_l_            (abs)        000000
__size_of_dc_forward             (abs)        000000
__size_of_dc_reverse             (abs)        000000
__size_of_dc_stop                (abs)        000000
__size_of_displayLog             (abs)        000000
__size_of_fround                 (abs)        000000
__size_of_initLCD                (abs)        000000
__size_of_isdigit                (abs)        000000
__size_of_keypressed             (abs)        000000
__size_of_lcdInst                (abs)        000000
__size_of_lcdNibble              (abs)        000000
__size_of_main                   (abs)        000000
__size_of_printRTC               (abs)        000000
__size_of_printf                 (abs)        000000
__size_of_putch                  (abs)        000000
__size_of_readADC                (abs)        000000
__size_of_resetCounts            (abs)        000000
__size_of_rotate180              (abs)        000000
__size_of_rotate270              (abs)        000000
__size_of_rotate90               (abs)        000000
__size_of_scale                  (abs)        000000
__size_of_sort                   (abs)        000000
__size_of_ultrasonicFindBottle   (abs)        000000
__size_ofi2___awdiv              (abs)        000000
__size_ofi2___awmod              (abs)        000000
__size_ofi2___awtoft             (abs)        000000
__size_ofi2___ftadd              (abs)        000000
__size_ofi2___ftdiv              (abs)        000000
__size_ofi2___ftge               (abs)        000000
__size_ofi2___ftmul              (abs)        000000
__size_ofi2___ftneg              (abs)        000000
__size_ofi2___ftpack             (abs)        000000
__size_ofi2___ftsub              (abs)        000000
__size_ofi2___fttol              (abs)        000000
__size_ofi2___lldiv              (abs)        000000
__size_ofi2___llmod              (abs)        000000
__size_ofi2___lltoft             (abs)        000000
__size_ofi2___wmul               (abs)        000000
__size_ofi2__div_to_l_           (abs)        000000
__size_ofi2__tdiv_to_l_          (abs)        000000
__size_ofi2_dc_forward           (abs)        000000
__size_ofi2_dc_reverse           (abs)        000000
__size_ofi2_dc_stop              (abs)        000000
__size_ofi2_fround               (abs)        000000
__size_ofi2_initLCD              (abs)        000000
__size_ofi2_isdigit              (abs)        000000
__size_ofi2_lcdInst              (abs)        000000
__size_ofi2_lcdNibble            (abs)        000000
__size_ofi2_printf               (abs)        000000
__size_ofi2_putch                (abs)        000000
__size_ofi2_readADC              (abs)        000000
__size_ofi2_rotate180            (abs)        000000
__size_ofi2_rotate270            (abs)        000000
__size_ofi2_rotate90             (abs)        000000
__size_ofi2_scale                (abs)        000000
__size_ofi2_ultrasonicFindBottle (abs)        000000
__smallconst                     smallconst   000000
__tdiv_to_l_                     text26       003CCA
__tdiv_to_l_@cntr                cstackBANK0  0000C4
__tdiv_to_l_@exp1                cstackBANK0  0000C5
__tdiv_to_l_@f1                  cstackBANK0  0000B7
__tdiv_to_l_@f2                  cstackBANK0  0000BA
__tdiv_to_l_@quot                cstackBANK0  0000C0
_counter                         bssCOMRAM    00007B
_dc_forward                      text13       0057AE
_dc_reverse                      text12       00575E
_dc_stop                         text14       005E28
_displayLog                      text11       004D44
_dpowers                         mediumconst  00FE7D
_eskaCap                         bssBANK1     0001BA
_eskaNoCap                       bssBANK1     0001BC
_fround                          text21       0033C4
_fround$1492                     cstackBANK1  000119
_fround$1493                     cstackBANK1  000116
_happynewyear                    mediumconst  00FF24
_hexpowers                       mediumconst  00FEF3
_initLCD                         text10       00592A
_isdigit                         text20       005CA2
_isdigit$1152                    cstackBANK0  0000B8
_itemArray                       mediumconst  00FF2B
_keypressed                      intcode      000008
_keys                            mediumconst  00FF13
_lcdInst                         text36       005DE6
_lcdNibble                       text37       00557E
_logs                            bssBANK1     0001BE
_main                            text0        004ED8
_printRTC                        text16       004880
_printf                          text17       000012
_printf$1495                     cstackBANK1  00013F
_putch                           text19       005DD6
_readADC                         text9        005C76
_resetCounts                     text8        005BE4
_rotate180                       text7        00584A
_rotate270                       text6        0058E2
_rotate90                        text5        0057FE
_scale                           text18       002B26
_scale$1494                      cstackBANK1  000116
_sort                            text1        000C7A
_sorting                         bssBANK1     0001C0
_time                            bssBANK1     0001B3
_timeElapsed                     bssBANK0     0000C7
_ultrasonicFindBottle            text2        0043DE
_yopCap                          bssBANK1     0001C2
_yopNoCap                        bssBANK1     0001C4
btemp                            temp         00007D
dc_forward@i                     cstackBANK0  0000B8
dc_reverse@i                     cstackBANK0  0000B8
displayLog@eskaCap               cstackBANK1  00015D
displayLog@eskaNoCap             cstackBANK1  00015F
displayLog@press1                cstackBANK1  00016B
displayLog@time                  cstackBANK1  000165
displayLog@total                 cstackBANK1  000169
displayLog@yopCap                cstackBANK1  000161
displayLog@yopNoCap              cstackBANK1  000163
end_of_initialization            cinit        005D30
fround@prec                      cstackBANK1  00011C
i2___awdiv                       text62       00538C
i2___awdiv@counter               cstackCOMRAM 00000B
i2___awdiv@dividend              cstackCOMRAM 000007
i2___awdiv@divisor               cstackCOMRAM 000009
i2___awdiv@quotient              cstackCOMRAM 00000D
i2___awdiv@sign                  cstackCOMRAM 00000C
i2___awmod                       text61       00550E
i2___awmod@counter               cstackCOMRAM 000005
i2___awmod@dividend              cstackCOMRAM 000001
i2___awmod@divisor               cstackCOMRAM 000003
i2___awmod@sign                  cstackCOMRAM 000006
i2___awtoft                      text49       005B76
i2___awtoft@c                    cstackCOMRAM 00000F
i2___awtoft@sign                 cstackCOMRAM 000012
i2___ftadd                       text70       003B1E
i2___ftadd@exp1                  cstackCOMRAM 000039
i2___ftadd@exp2                  cstackCOMRAM 000038
i2___ftadd@f1                    cstackCOMRAM 00002E
i2___ftadd@f2                    cstackCOMRAM 000031
i2___ftadd@sign                  cstackCOMRAM 000037
i2___ftdiv                       text48       004C5E
i2___ftdiv@cntr                  cstackCOMRAM 00001C
i2___ftdiv@exp                   cstackCOMRAM 000020
i2___ftdiv@f1                    cstackCOMRAM 000013
i2___ftdiv@f2                    cstackCOMRAM 000016
i2___ftdiv@f3                    cstackCOMRAM 00001D
i2___ftdiv@sign                  cstackCOMRAM 000021
i2___ftge                        text73       0052FC
i2___ftge@ff1                    cstackCOMRAM 000001
i2___ftge@ff2                    cstackCOMRAM 000004
i2___ftmul                       text60       004A76
i2___ftmul@cntr                  cstackCOMRAM 000022
i2___ftmul@exp                   cstackCOMRAM 00001E
i2___ftmul@f1                    cstackCOMRAM 000015
i2___ftmul@f2                    cstackCOMRAM 000018
i2___ftmul@f3_as_product         cstackCOMRAM 00001F
i2___ftmul@sign                  cstackCOMRAM 000023
i2___ftneg                       text72       005D62
i2___ftneg@f1                    cstackCOMRAM 000001
i2___ftpack                      text71       005112
i2___ftpack@arg                  cstackCOMRAM 000001
i2___ftpack@exp                  cstackCOMRAM 000004
i2___ftpack@sign                 cstackCOMRAM 000005
i2___ftsub                       text69       005A3A
i2___ftsub@f1                    cstackCOMRAM 00003A
i2___ftsub@f2                    cstackCOMRAM 00003D
i2___fttol                       text68       004B6A
i2___fttol@exp1                  cstackCOMRAM 000032
i2___fttol@f1                    cstackCOMRAM 000024
i2___fttol@lval                  cstackCOMRAM 00002E
i2___fttol@sign1                 cstackCOMRAM 00002D
i2___lldiv                       text67       005410
i2___lldiv@counter               cstackCOMRAM 00000D
i2___lldiv@dividend              cstackCOMRAM 000001
i2___lldiv@divisor               cstackCOMRAM 000005
i2___lldiv@quotient              cstackCOMRAM 000009
i2___llmod                       text66       0055E6
i2___llmod@counter               cstackCOMRAM 000016
i2___llmod@dividend              cstackCOMRAM 00000E
i2___llmod@divisor               cstackCOMRAM 000012
i2___lltoft                      text65       0056AC
i2___lltoft@c                    cstackCOMRAM 000009
i2___lltoft@exp                  cstackCOMRAM 000011
i2___wmul                        text59       005CF4
i2___wmul@multiplicand           cstackCOMRAM 000011
i2___wmul@multiplier             cstackCOMRAM 00000F
i2___wmul@product                cstackCOMRAM 000013
i2__div_to_l_                    text64       00464C
i2__div_to_l_@cntr               cstackCOMRAM 00000B
i2__div_to_l_@exp1               cstackCOMRAM 00000C
i2__div_to_l_@f1                 cstackCOMRAM 000001
i2__div_to_l_@f2                 cstackCOMRAM 000004
i2__div_to_l_@quot               cstackCOMRAM 000007
i2__tdiv_to_l_                   text63       00451A
i2__tdiv_to_l_@cntr              cstackCOMRAM 00000E
i2__tdiv_to_l_@exp1              cstackCOMRAM 00000F
i2__tdiv_to_l_@f1                cstackCOMRAM 000001
i2__tdiv_to_l_@f2                cstackCOMRAM 000004
i2__tdiv_to_l_@quot              cstackCOMRAM 00000A
i2_dc_forward                    text78       005ABA
i2_dc_reverse                    text77       005A7A
i2_dc_stop                       text79       005E2E
i2_fround                        text58       0038D8
i2_fround$1725                   cstackCOMRAM 00002A
i2_fround$1726                   cstackCOMRAM 000027
i2_initLCD                       text74       005970
i2_isdigit                       text57       005DA4
i2_isdigit$1152                  cstackCOMRAM 000002
i2_lcdInst                       text75       005E02
i2_lcdNibble                     text76       005708
i2_printf                        text54       001706
i2_printf$1728                   cstackCOMRAM 00004E
i2_putch                         text56       005DF6
i2_readADC                       text53       005D3E
i2_rotate180                     text52       005B38
i2_rotate270                     text51       0059FA
i2_rotate90                      text50       005AFA
i2_scale                         text55       002FD4
i2_scale$1727                    cstackCOMRAM 000027
i2_ultrasonicFindBottle          text47       00497E
i2dc_forward@i                   cstackCOMRAM 000002
i2dc_reverse@i                   cstackCOMRAM 000002
i2fround@prec                    cstackCOMRAM 00002D
i2isdigit@c                      cstackCOMRAM 000003
i2lcdInst@data                   cstackCOMRAM 000003
i2lcdNibble@data                 cstackCOMRAM 000002
i2lcdNibble@temp                 cstackCOMRAM 000001
i2printf@ap                      cstackCOMRAM 000056
i2printf@c                       cstackCOMRAM 00006B
i2printf@cp                      cstackCOMRAM 000052
i2printf@exp                     cstackCOMRAM 00005E
i2printf@f                       cstackCOMRAM 000040
i2printf@flag                    cstackCOMRAM 000064
i2printf@fval                    cstackCOMRAM 000066
i2printf@idx                     cstackCOMRAM 000051
i2printf@len                     cstackCOMRAM 000054
i2printf@prec                    cstackCOMRAM 000058
i2printf@tmpval                  cstackCOMRAM 00005A
i2printf@val                     cstackCOMRAM 000060
i2printf@width                   cstackCOMRAM 000069
i2putch@data                     cstackCOMRAM 000003
i2readADC@channel                cstackCOMRAM 000002
i2rotate180@i                    cstackCOMRAM 000002
i2rotate270@i                    cstackCOMRAM 000002
i2rotate90@i                     cstackCOMRAM 000002
i2scale@scl                      cstackCOMRAM 00002A
i2ultrasonicFindBottle@a         cstackCOMRAM 000039
int$flags                        temp         00007D
int_func                         intcode_body 002144
intlevel0                        text         000000
intlevel1                        text         000000
intlevel2                        text         000000
intlevel3                        text         000000
isdigit@c                        cstackBANK0  0000B9
keypressed@IR                    cstackBANK0  000090
keypressed@IRSensor              cstackBANK0  000086
keypressed@IRVolt                cstackBANK0  0000AA
keypressed@i                     cstackBANK0  000094
keypressed@i_245                 cstackBANK0  000096
keypressed@i_246                 cstackBANK0  000092
keypressed@i_248                 cstackBANK0  000098
keypressed@i_250                 cstackBANK0  00009A
keypressed@i_253                 cstackBANK0  00009C
keypressed@i_254                 cstackBANK0  00009E
keypressed@i_255                 cstackBANK0  0000A0
keypressed@i_258                 cstackBANK0  0000A2
keypressed@i_261                 cstackBANK0  0000A4
keypressed@i_265                 cstackBANK0  0000A6
keypressed@i_275                 cstackBANK0  0000A8
keypressed@keypress              cstackBANK0  0000B6
keypressed@light                 cstackBANK0  00008E
keypressed@lightVolt             cstackBANK0  000080
keypressed@lightVoltSum          cstackBANK0  0000B0
keypressed@lightVoltSum_264      cstackBANK0  0000B3
keypressed@lightVolt_266         cstackBANK0  000089
keypressed@prox                  cstackBANK0  00008C
keypressed@proxVolt              cstackBANK0  000083
keypressed@proxVolt_263          cstackBANK0  0000AD
lcdInst@data                     cstackBANK0  0000B9
lcdNibble@data                   cstackBANK0  0000B8
lcdNibble@temp                   cstackBANK0  0000B7
main@ec                          cstackBANK1  0001B1
printRTC@i                       cstackBANK1  000160
printRTC@i_868                   cstackBANK1  00015E
printf@ap                        cstackBANK1  000147
printf@c                         cstackBANK1  00015C
printf@cp                        cstackBANK1  000143
printf@exp                       cstackBANK1  00014F
printf@f                         cstackBANK1  00012F
printf@flag                      cstackBANK1  000155
printf@fval                      cstackBANK1  000157
printf@idx                       cstackBANK1  000142
printf@len                       cstackBANK1  000145
printf@prec                      cstackBANK1  000149
printf@tmpval                    cstackBANK1  00014B
printf@val                       cstackBANK1  000151
printf@width                     cstackBANK1  00015A
putch@data                       cstackBANK0  0000B9
readADC@channel                  cstackBANK0  0000B8
rotate180@i                      cstackBANK0  0000B8
rotate270@i                      cstackBANK0  0000B8
rotate90@i                       cstackBANK0  0000B8
scale@scl                        cstackBANK1  000119
sort@IRVolt                      cstackBANK1  000182
sort@bottle                      cstackBANK1  0001A1
sort@bottleFound                 cstackBANK1  00017C
sort@currentContainer            cstackBANK1  00017A
sort@done                        cstackBANK1  00019F
sort@i                           cstackBANK1  000185
sort@i_624                       cstackBANK1  000187
sort@i_626                       cstackBANK1  000189
sort@i_629                       cstackBANK1  00018B
sort@i_630                       cstackBANK1  00018D
sort@i_631                       cstackBANK1  00018F
sort@i_633                       cstackBANK1  000191
sort@i_635                       cstackBANK1  000193
sort@i_639                       cstackBANK1  000195
sort@i_642                       cstackBANK1  000197
sort@i_643                       cstackBANK1  000199
sort@i_644                       cstackBANK1  00019B
sort@i_645                       cstackBANK1  00019D
sort@lightVolt                   cstackBANK1  000171
sort@lightVoltSum                cstackBANK1  0001A6
sort@lightVoltSum_632            cstackBANK1  0001A9
sort@lightVoltSum_638            cstackBANK1  0001AC
sort@lightVolt_634               cstackBANK1  000174
sort@lightVolt_640               cstackBANK1  000177
sort@numRotations                cstackBANK1  0001AF
sort@proxVolt                    cstackBANK1  0001A3
sort@timeExceeded                cstackBANK1  00016F
sort@timer                       cstackBANK1  00017E
sort@x                           cstackBANK1  000180
stackhi                          (abs)        000F7F
stacklo                          (abs)        0001C6
start                            init         00000E
start_initialization             cinit        005D1A
ultrasonicFindBottle@a           cstackBANK1  00012F


FUNCTION INFORMATION:

 *************** function _main *****************
 Defined at:
		line 49 in file "main.c"
 Parameters:    Size  Location     Type
		None
 Auto vars:     Size  Location     Type
  ec              2  177[BANK1 ] int 
 Return value:  Size  Location     Type
                  1    wreg      void 
 Registers used:
		wreg, fsr2l, fsr2h, status,2, status,0, tblptrl, tblptrh, tblptru, prodl, prodh, cstack
 Tracked objects:
		On entry : 
		On exit  : 
		Unchanged: 
 Data sizes:     COMRAM   BANK0   BANK1   BANK2   BANK3   BANK4   BANK5   BANK6   BANK7   BANK8   BANK9  BANK10  BANK11  BANK12  BANK13  BANK14  BANK15
      Params:         0       0       0       0       0       0       0       0       0       0       0       0       0       0       0       0       0
      Locals:         0       0       2       0       0       0       0       0       0       0       0       0       0       0       0       0       0
      Temps:          0       0       0       0       0       0       0       0       0       0       0       0       0       0       0       0       0
      Totals:         0       0       2       0       0       0       0       0       0       0       0       0       0       0       0       0       0
Total ram usage:        2 bytes
 Hardware stack levels required when called:   11
 This function calls:
		_Eeprom_ReadByte
		_I2C_Master_Init
		_dc_stop
		_initLCD
		_lcdInst
		_printRTC
		_printf
		_sort
 This function is called by:
		Startup code after reset
 This function uses a non-reentrant model


 *************** function _sort *****************
 Defined at:
[...]
                  3    0[COMRAM] float 
 Registers used:
		wreg, status,2, status,0
 Tracked objects:
		On entry : 
		On exit  : 
		Unchanged: 
 Data sizes:     COMRAM   BANK0   BANK1   BANK2   BANK3   BANK4   BANK5   BANK6   BANK7   BANK8   BANK9  BANK10  BANK11  BANK12  BANK13  BANK14  BANK15
      Params:         5       0       0       0       0       0       0       0       0       0       0       0       0       0       0       0       0
      Locals:         0       0       0       0       0       0       0       0       0       0       0       0       0       0       0       0       0
      Temps:          3       0       0       0       0       0       0       0       0       0       0       0       0       0       0       0       0
      Totals:         8       0       0       0       0       0       0       0       0       0       0       0       0       0       0       0       0
Total ram usage:        8 bytes
 Hardware stack levels used:    1
 This function calls:
		Nothing
 This function is called by:
		i2___awtoft
		i2___ftadd
		i2___ftdiv
		i2___ftmul
		i2___lltoft
 This function uses a non-reentrant model


 *************** function i2___ftneg *****************
 Defined at:
		line 15 in file "C:\Program Files (x86)\Microchip\xc8\v1.40\sources\common\ftneg.c"
 Parameters:    Size  Location     Type
  f1              3    0[COMRAM] float 
 Auto vars:     Size  Location     Type
		None
 Return value:  Size  Location     Type
                  3    0[COMRAM] float 
 Registers used:
		wreg, status,2, status,0
 Tracked objects:
		On entry : 
		On exit  : 
		Unchanged: 
 Data sizes:     COMRAM   BANK0   BANK1   BANK2   BANK3   BANK4   BANK5   BANK6   BANK7   BANK8   BANK9  BANK10  BANK11  BANK12  BANK13  BANK14  BANK15
      Params:         3       0       0       0       0       0       0       0       0       0       0       0       0       0       0       0       0
      Locals:         0       0       0       0       0       0       0       0       0       0       0       0       0       0       0       0       0
      Temps:          0       0       0       0       0       0       0       0       0       0       0       0       0       0       0       0       0
      Totals:         3       0       0       0       0       0       0       0       0       0       0       0       0       0       0       0       0
Total ram usage:        3 bytes
 Hardware stack levels used:    1
 This function calls:
		Nothing
 This function is called by:
		i2_printf
 This function uses a non-reentrant model


 *************** function i2___ftge *****************
 Defined at:
		line 4 in file "C:\Program Files (x86)\Microchip\xc8\v1.40\sources\common\ftge.c"
 Parameters:    Size  Location     Type
  ff1             3    0[COMRAM] float 
  ff2             3    3[COMRAM] float 
 Auto vars:     Size  Location     Type
		None
 Return value:  Size  Location     Type
		None               void
 Registers used:
		wreg, status,2, status,0
 Tracked objects:
		On entry : 
		On exit  : 
		Unchanged: 
 Data sizes:     COMRAM   BANK0   BANK1   BANK2   BANK3   BANK4   BANK5   BANK6   BANK7   BANK8   BANK9  BANK10  BANK11  BANK12  BANK13  BANK14  BANK15
      Params:         6       0       0       0       0       0       0       0       0       0       0       0       0       0       0       0       0
      Locals:         0       0       0       0       0       0       0       0       0       0       0       0       0       0       0       0       0
      Temps:          3       0       0       0       0       0       0       0       0       0       0       0       0       0       0       0       0
      Totals:         9       0       0       0       0       0       0       0       0       0       0       0       0       0       0       0       0
Total ram usage:        9 bytes
 Hardware stack levels used:    1
 This function calls:
		Nothing
 This function is called by:
		_keypressed
		i2_printf
 This function uses a non-reentrant model


 *************** function i2_initLCD *****************
 Defined at:
		line 15 in file "lcd.c"
 Parameters:    Size  Location     Type
		None
 Auto vars:     Size  Location     Type
		None
 Return value:  Size  Location     Type
                  1    wreg      void 
 Registers used:
		wreg, status,2, status,0, cstack
 Tracked objects:
		On entry : 
		On exit  : 
		Unchanged: 
 Data sizes:     COMRAM   BANK0   BANK1   BANK2   BANK3   BANK4   BANK5   BANK6   BANK7   BANK8   BANK9  BANK10  BANK11  BANK12  BANK13  BANK14  BANK15
      Params:         0       0       0       0       0       0       0       0       0       0       0       0       0       0       0       0       0
      Locals:         0       0       0       0       0       0       0       0       0       0       0       0       0       0       0       0       0
      Temps:          1       0       0       0       0       0       0       0       0       0       0       0       0       0       0       0       0
      Totals:         1       0       0       0       0       0       0       0       0       0       0       0       0       0       0       0       0
Total ram usage:        1 bytes
 Hardware stack levels used:    1
 Hardware stack levels required when called:    2
 This function calls:
		i2_lcdInst
 This function is called by:
		_keypressed
 This function uses a non-reentrant model


 *************** function i2_lcdInst *****************
 Defined at:
		line 26 in file "lcd.c"
 Parameters:    Size  Location     Type
  data            1    wreg     unsigned char 
 Auto vars:     Size  Location     Type
  data            1    2[COMRAM] unsigned char 
 Return value:  Size  Location     Type
                  1    wreg      void 
 Registers used:
		wreg, status,2, status,0, cstack
 Tracked objects:
		On entry : 
		On exit  : 
		Unchanged: 
 Data sizes:     COMRAM   BANK0   BANK1   BANK2   BANK3   BANK4   BANK5   BANK6   BANK7   BANK8   BANK9  BANK10  BANK11  BANK12  BANK13  BANK14  BANK15
      Params:         0       0       0       0       0       0       0       0       0       0       0       0       0       0       0       0       0
      Locals:         1       0       0       0       0       0       0       0       0       0       0       0       0       0       0       0       0
      Temps:          0       0       0       0       0       0       0       0       0       0       0       0       0       0       0       0       0
      Totals:         1       0       0       0       0       0       0       0       0       0       0       0       0       0       0       0       0
Total ram usage:        1 bytes
 Hardware stack levels used:    1
 Hardware stack levels required when called:    1
 This function calls:
		i2_lcdNibble
 This function is called by:
		_keypressed
		i2_initLCD
 This function uses a non-reentrant model


 *************** function i2_lcdNibble *****************
 Defined at:
		line 36 in file "lcd.c"
 Parameters:    Size  Location     Type
  data            1    wreg     unsigned char 
 Auto vars:     Size  Location     Type
  data            1    1[COMRAM] unsigned char 
  lcdNibble       1    0[COMRAM] unsigned char 
 Return value:  Size  Location     Type
                  1    wreg      void 
 Registers used:
		wreg, status,2, status,0
 Tracked objects:
		On entry : 
		On exit  : 
		Unchanged: 
 Data sizes:     COMRAM   BANK0   BANK1   BANK2   BANK3   BANK4   BANK5   BANK6   BANK7   BANK8   BANK9  BANK10  BANK11  BANK12  BANK13  BANK14  BANK15
      Params:         0       0       0       0       0       0       0       0       0       0       0       0       0       0       0       0       0
      Locals:         2       0       0       0       0       0       0       0       0       0       0       0       0       0       0       0       0
      Temps:          0       0       0       0       0       0       0       0       0       0       0       0       0       0       0       0       0
      Totals:         2       0       0       0       0       0       0       0       0       0       0       0       0       0       0       0       0
Total ram usage:        2 bytes
 Hardware stack levels used:    1
 This function calls:
		Nothing
 This function is called by:
		i2_lcdInst
		i2_putch
 This function uses a non-reentrant model


 *************** function i2_dc_reverse *****************
 Defined at:
		line 115 in file "start.c"
 Parameters:    Size  Location     Type
		None
 Auto vars:     Size  Location     Type
  dc_reverse      2    1[COMRAM] int 
 Return value:  Size  Location     Type
                  1    wreg      void 
 Registers used:
		wreg, status,2, status,0, cstack
 Tracked objects:
		On entry : 
		On exit  : 
		Unchanged: 
 Data sizes:     COMRAM   BANK0   BANK1   BANK2   BANK3   BANK4   BANK5   BANK6   BANK7   BANK8   BANK9  BANK10  BANK11  BANK12  BANK13  BANK14  BANK15
      Params:         0       0       0       0       0       0       0       0       0       0       0       0       0       0       0       0       0
      Locals:         2       0       0       0       0       0       0       0       0       0       0       0       0       0       0       0       0
      Temps:          1       0       0       0       0       0       0       0       0       0       0       0       0       0       0       0       0
      Totals:         3       0       0       0       0       0       0       0       0       0       0       0       0       0       0       0       0
Total ram usage:        3 bytes
 Hardware stack levels used:    1
 Hardware stack levels required when called:    1
 This function calls:
		i2_dc_stop
 This function is called by:
		_keypressed
 This function uses a non-reentrant model


 *************** function i2_dc_forward *****************
 Defined at:
		line 108 in file "start.c"
 Parameters:    Size  Location     Type
		None
 Auto vars:     Size  Location     Type
  dc_forward      2    1[COMRAM] int 
 Return value:  Size  Location     Type
                  1    wreg      void 
 Registers used:
		wreg, status,2, status,0, cstack
 Tracked objects:
		On entry : 
		On exit  : 
		Unchanged: 
 Data sizes:     COMRAM   BANK0   BANK1   BANK2   BANK3   BANK4   BANK5   BANK6   BANK7   BANK8   BANK9  BANK10  BANK11  BANK12  BANK13  BANK14  BANK15
      Params:         0       0       0       0       0       0       0       0       0       0       0       0       0       0       0       0       0
      Locals:         2       0       0       0       0       0       0       0       0       0       0       0       0       0       0       0       0
      Temps:          1       0       0       0       0       0       0       0       0       0       0       0       0       0       0       0       0
      Totals:         3       0       0       0       0       0       0       0       0       0       0       0       0       0       0       0       0
Total ram usage:        3 bytes
 Hardware stack levels used:    1
 Hardware stack levels required when called:    1
 This function calls:
		i2_dc_stop
 This function is called by:
		_keypressed
 This function uses a non-reentrant model


 *************** function i2_dc_stop *****************
 Defined at:
		line 103 in file "start.c"
 Parameters:    Size  Location     Type
		None
 Auto vars:     Size  Location     Type
		None
 Return value:  Size  Location     Type
                  1    wreg      void 
 Registers used:
		None
 Tracked objects:
		On entry : 
		On exit  : 
		Unchanged: 
 Data sizes:     COMRAM   BANK0   BANK1   BANK2   BANK3   BANK4   BANK5   BANK6   BANK7   BANK8   BANK9  BANK10  BANK11  BANK12  BANK13  BANK14  BANK15
      Params:         0       0       0       0       0       0       0       0       0       0       0       0       0       0       0       0       0
      Locals:         0       0       0       0       0       0       0       0       0       0       0       0       0       0       0       0       0
      Temps:          0       0       0       0       0       0       0       0       0       0       0       0       0       0       0       0       0
      Totals:         0       0       0       0       0       0       0       0       0       0       0       0       0       0       0       0       0
Total ram usage:        0 bytes
 Hardware stack levels used:    1
 This function calls:
		Nothing
 This function is called by:
		_keypressed
		i2_dc_forward
		i2_dc_reverse
 This function uses a non-reentrant model



MODULE INFORMATION

Module		Function		Class		Link	Load	Size
C:\Program Files (x86)\Microchip\xc8\v1.40\sources\common\awtoft.c
		___awtoft      		CODE           	59B6	0000	69

C:\Program Files (x86)\Microchip\xc8\v1.40\sources\common\awtoft.c estimated size: 69

C:\Program Files (x86)\Microchip\xc8\v1.40\sources\common\ftneg.c
		___ftneg       		CODE           	5C18	0000	49

C:\Program Files (x86)\Microchip\xc8\v1.40\sources\common\ftneg.c estimated size: 49

C:\Program Files (x86)\Microchip\xc8\v1.40\sources\common\doprnt.c
		_scale         		CODE           	2B26	0000	1199
		_printf        		CODE           	0012	0000	3177
		_fround        		CODE           	33C4	0000	685

C:\Program Files (x86)\Microchip\xc8\v1.40\sources\common\doprnt.c estimated size: 5061

start.c
		_rotate270     		CODE           	58E2	0000	73
		_ultrasonicFindBottle		CODE           	43DE	0000	317
		_dc_forward    		CODE           	57AE	0000	81
		_rotate180     		CODE           	584A	0000	77
		_dc_stop       		CODE           	5E28	0000	7
		_resetCounts   		CODE           	5BE4	0000	53
		_sort          		CODE           	0C7A	0000	2701
		_dc_reverse    		CODE           	575E	0000	81
		_readADC       		CODE           	5C76	0000	45
		_rotate90      		CODE           	57FE	0000	77

start.c estimated size: 3512

C:\Program Files (x86)\Microchip\xc8\v1.40\sources\common\lltoft.c
		___lltoft      		CODE           	5492	0000	125

C:\Program Files (x86)\Microchip\xc8\v1.40\sources\common\lltoft.c estimated size: 125

C:\Program Files (x86)\Microchip\xc8\v1.40\sources\common\ftsub.c
		___ftsub       		CODE           	5896	0000	77

C:\Program Files (x86)\Microchip\xc8\v1.40\sources\common\ftsub.c estimated size: 77

C:\Program Files (x86)\Microchip\xc8\v1.40\sources\common\float.c
		___ftpack      		CODE           	4774	0000	269

C:\Program Files (x86)\Microchip\xc8\v1.40\sources\common\float.c estimated size: 269

I2C.c
		_I2C_Master_Read		CODE           	5C48	0000	47
		_I2C_Master_Wait		CODE           	5DC2	0000	21
		_I2C_Master_Init		CODE           	564C	0000	97
		_I2C_Master_Stop		CODE           	5E18	0000	9
		_printRTC      		CODE           	4880	0000	255
		_I2C_Master_Write		CODE           	5E0E	0000	11
		_I2C_Master_Start		CODE           	5E20	0000	9

I2C.c estimated size: 449

C:\Program Files (x86)\Microchip\xc8\v1.40\sources\common\ftdivl.c
		__tdiv_to_l_   		CODE           	3CCA	0000	415

C:\Program Files (x86)\Microchip\xc8\v1.40\sources\common\ftdivl.c estimated size: 415

logs.c
		_Eeprom_ReadByte		CODE           	5D86	0000	31
		_displayLog    		CODE           	4D44	0000	205
		_Eeprom_WriteByte		CODE           	5CCC	0000	41

logs.c estimated size: 277

C:\Program Files (x86)\Microchip\xc8\v1.40\sources\common\ftge.c
		___ftge        		CODE           	4E10	0000	201

C:\Program Files (x86)\Microchip\xc8\v1.40\sources\common\ftge.c estimated size: 201

C:\Program Files (x86)\Microchip\xc8\v1.40\sources\common\Umul16.c
		___wmul        		CODE           	5BAE	0000	55

C:\Program Files (x86)\Microchip\xc8\v1.40\sources\common\Umul16.c estimated size: 55

C:\Program Files (x86)\Microchip\xc8\v1.40\sources\common\ftmul.c
		___ftmul       		CODE           	3FF0	0000	351

C:\Program Files (x86)\Microchip\xc8\v1.40\sources\common\ftmul.c estimated size: 351

C:\Program Files (x86)\Microchip\xc8\v1.40\sources\common\awmod.c
		___awmod       		CODE           	51C0	0000	163

C:\Program Files (x86)\Microchip\xc8\v1.40\sources\common\awmod.c estimated size: 163

C:\Program Files (x86)\Microchip\xc8\v1.40\sources\common\ftdiv.c
		___ftdiv       		CODE           	414E	0000	333

C:\Program Files (x86)\Microchip\xc8\v1.40\sources\common\ftdiv.c estimated size: 333

C:\Program Files (x86)\Microchip\xc8\v1.40\sources\common\llmod.c
		___llmod       		CODE           	5262	0000	155

C:\Program Files (x86)\Microchip\xc8\v1.40\sources\common\llmod.c estimated size: 155

C:\Program Files (x86)\Microchip\xc8\v1.40\sources\common\isdigit.c
		_isdigit       		CODE           	5CA2	0000	43

C:\Program Files (x86)\Microchip\xc8\v1.40\sources\common\isdigit.c estimated size: 43

shared
		i2_printf      		CODE           	1706	0000	2623
		i2___ftneg     		CODE           	5D62	0000	37
		i2_readADC     		CODE           	5D3E	0000	37
		i2_putch       		CODE           	5DF6	0000	13
		i2___ftadd     		CODE           	3B1E	0000	429
		i2_lcdNibble   		CODE           	5708	0000	87
		i2___ftdiv     		CODE           	4C5E	0000	231
		__powers_      		MEDIUMCONST    	FECC	0000	40
		i2___fttol     		CODE           	4B6A	0000	245
		i2_dc_stop     		CODE           	5E2E	0000	7
		_itemArray     		MEDIUMCONST    	FF2B	0000	7
		_dpowers       		MEDIUMCONST    	FE7D	0000	41
		i2___ftge      		CODE           	52FC	0000	145
		i2_rotate90    		CODE           	5AFA	0000	63
		i2_rotate270   		CODE           	59FA	0000	65
		i2_rotate180   		CODE           	5B38	0000	63
		i2_isdigit     		CODE           	5DA4	0000	31
		i2_dc_forward  		CODE           	5ABA	0000	65
		i2___awdiv     		CODE           	538C	0000	133
		i2_ultrasonicFindBottle		CODE           	497E	0000	249
		i2__tdiv_to_l_ 		CODE           	451A	0000	307
		i2___awtoft    		CODE           	5B76	0000	57
		i2___ftmul     		CODE           	4A76	0000	245
		i2___wmul      		CODE           	5CF4	0000	39
		i2__div_to_l_  		CODE           	464C	0000	297
		__npowers_     		MEDIUMCONST    	FEA5	0000	40
		i2___ftpack    		CODE           	5112	0000	175
		i2_scale       		CODE           	2FD4	0000	1009
		_keys          		MEDIUMCONST    	FF13	0000	18
		i2___lldiv     		CODE           	5410	0000	131
		__initialization		CODE           	5D1A	0000	23
		i2___lltoft    		CODE           	56AC	0000	93
		i2___ftsub     		CODE           	5A3A	0000	65
		i2___awmod     		CODE           	550E	0000	113
		i2_dc_reverse  		CODE           	5A7A	0000	65
		_hexpowers     		MEDIUMCONST    	FEF3	0000	33
		i2___llmod     		CODE           	55E6	0000	103
		i2_lcdInst     		CODE           	5E02	0000	13
		i2_fround      		CODE           	38D8	0000	583
		_happynewyear  		MEDIUMCONST    	FF24	0000	8
		i2_initLCD     		CODE           	5970	0000	71

shared estimated size: 8099

lcd.c
		_putch         		CODE           	5DD6	0000	17
		_lcdInst       		CODE           	5DE6	0000	17
		_lcdNibble     		CODE           	557E	0000	105
		_initLCD       		CODE           	592A	0000	71

lcd.c estimated size: 210

C:\Program Files (x86)\Microchip\xc8\v1.40\sources\common\fttol.c
		___fttol       		CODE           	429A	0000	325

C:\Program Files (x86)\Microchip\xc8\v1.40\sources\common\fttol.c estimated size: 325

C:\Program Files (x86)\Microchip\xc8\v1.40\sources\common\fldivl.c
		__div_to_l_    		CODE           	3E68	0000	393

C:\Program Files (x86)\Microchip\xc8\v1.40\sources\common\fldivl.c estimated size: 393

C:\Program Files (x86)\Microchip\xc8\v1.40\sources\common\awdiv.c
		___awdiv       		CODE           	4F98	0000	191

C:\Program Files (x86)\Microchip\xc8\v1.40\sources\common\awdiv.c estimated size: 191

main.c
		_main          		CODE           	4ED8	0000	193
		_keypressed    		CODE           	0008	0000	2537

main.c estimated size: 2730

C:\Program Files (x86)\Microchip\xc8\v1.40\sources\common\ftadd.c
		___ftadd       		CODE           	3670	0000	617

C:\Program Files (x86)\Microchip\xc8\v1.40\sources\common\ftadd.c estimated size: 617

C:\Program Files (x86)\Microchip\xc8\v1.40\sources\common\lldiv.c
		___lldiv       		CODE           	5056	0000	189

C:\Program Files (x86)\Microchip\xc8\v1.40\sources\common\lldiv.c estimated size: 189

